Archive member included to satisfy reference by file (symbol)

app/libapp.a(main.c.obj)      (--whole-archive)
zephyr/libzephyr.a(heap.c.obj)
                              (--whole-archive)
zephyr/libzephyr.a(cbprintf_packaged.c.obj)
                              (--whole-archive)
zephyr/libzephyr.a(printk.c.obj)
                              (--whole-archive)
zephyr/libzephyr.a(sem.c.obj)
                              (--whole-archive)
zephyr/libzephyr.a(thread_entry.c.obj)
                              (--whole-archive)
zephyr/libzephyr.a(cbprintf_complete.c.obj)
                              (--whole-archive)
zephyr/libzephyr.a(assert.c.obj)
                              (--whole-archive)
zephyr/libzephyr.a(dec.c.obj)
                              (--whole-archive)
zephyr/libzephyr.a(hex.c.obj)
                              (--whole-archive)
zephyr/libzephyr.a(rb.c.obj)  (--whole-archive)
zephyr/libzephyr.a(timeutil.c.obj)
                              (--whole-archive)
zephyr/libzephyr.a(bitarray.c.obj)
                              (--whole-archive)
zephyr/libzephyr.a(configs.c.obj)
                              (--whole-archive)
zephyr/libzephyr.a(stm32cube_hal.c.obj)
                              (--whole-archive)
zephyr/libzephyr.a(soc_config.c.obj)
                              (--whole-archive)
zephyr/libzephyr.a(soc_m7.c.obj)
                              (--whole-archive)
zephyr/libzephyr.a(mpu_regions.c.obj)
                              (--whole-archive)
zephyr/libzephyr.a(mem_attr.c.obj)
                              (--whole-archive)
zephyr/libzephyr.a(tracing_none.c.obj)
                              (--whole-archive)
zephyr/arch/common/libarch__common.a(sw_isr_common.c.obj)
                              (--whole-archive)
zephyr/arch/arch/arm/core/libarch__arm__core.a(fatal.c.obj)
                              (--whole-archive)
zephyr/arch/arch/arm/core/libarch__arm__core.a(nmi.c.obj)
                              (--whole-archive)
zephyr/arch/arch/arm/core/libarch__arm__core.a(nmi_on_reset.S.obj)
                              (--whole-archive)
zephyr/arch/arch/arm/core/libarch__arm__core.a(tls.c.obj)
                              (--whole-archive)
zephyr/arch/arch/arm/core/cortex_m/libarch__arm__core__cortex_m.a(exc_exit.S.obj)
                              (--whole-archive)
zephyr/arch/arch/arm/core/cortex_m/libarch__arm__core__cortex_m.a(fault.c.obj)
                              (--whole-archive)
zephyr/arch/arch/arm/core/cortex_m/libarch__arm__core__cortex_m.a(fault_s.S.obj)
                              (--whole-archive)
zephyr/arch/arch/arm/core/cortex_m/libarch__arm__core__cortex_m.a(fpu.c.obj)
                              (--whole-archive)
zephyr/arch/arch/arm/core/cortex_m/libarch__arm__core__cortex_m.a(reset.S.obj)
                              (--whole-archive)
zephyr/arch/arch/arm/core/cortex_m/libarch__arm__core__cortex_m.a(scb.c.obj)
                              (--whole-archive)
zephyr/arch/arch/arm/core/cortex_m/libarch__arm__core__cortex_m.a(thread_abort.c.obj)
                              (--whole-archive)
zephyr/arch/arch/arm/core/cortex_m/libarch__arm__core__cortex_m.a(vector_table.S.obj)
                              (--whole-archive)
zephyr/arch/arch/arm/core/cortex_m/libarch__arm__core__cortex_m.a(swap.c.obj)
                              (--whole-archive)
zephyr/arch/arch/arm/core/cortex_m/libarch__arm__core__cortex_m.a(swap_helper.S.obj)
                              (--whole-archive)
zephyr/arch/arch/arm/core/cortex_m/libarch__arm__core__cortex_m.a(irq_manage.c.obj)
                              (--whole-archive)
zephyr/arch/arch/arm/core/cortex_m/libarch__arm__core__cortex_m.a(prep_c.c.obj)
                              (--whole-archive)
zephyr/arch/arch/arm/core/cortex_m/libarch__arm__core__cortex_m.a(thread.c.obj)
                              (--whole-archive)
zephyr/arch/arch/arm/core/cortex_m/libarch__arm__core__cortex_m.a(cpu_idle.S.obj)
                              (--whole-archive)
zephyr/arch/arch/arm/core/cortex_m/libarch__arm__core__cortex_m.a(irq_init.c.obj)
                              (--whole-archive)
zephyr/arch/arch/arm/core/cortex_m/libarch__arm__core__cortex_m.a(isr_wrapper.S.obj)
                              (--whole-archive)
zephyr/arch/arch/arm/core/cortex_m/libarch__arm__core__cortex_m.a(__aeabi_read_tp.S.obj)
                              (--whole-archive)
zephyr/arch/arch/arm/core/mpu/libarch__arm__core__mpu.a(arm_core_mpu.c.obj)
                              (--whole-archive)
zephyr/arch/arch/arm/core/mpu/libarch__arm__core__mpu.a(arm_mpu.c.obj)
                              (--whole-archive)
zephyr/lib/libc/picolibc/liblib__libc__picolibc.a(libc-hooks.c.obj)
                              (--whole-archive)
zephyr/lib/libc/common/liblib__libc__common.a(abort.c.obj)
                              (--whole-archive)
zephyr/lib/libc/common/liblib__libc__common.a(malloc.c.obj)
                              (--whole-archive)
[...]
Memory Configuration

Name             Origin             Length             Attributes
FLASH            0x0000000008040000 0x00000000000c0000 xr
RAM              0x0000000024000000 0x0000000000080000 xw
EXTMEM           0x0000000090000000 0x0000000010000000
SRAM1            0x0000000030000000 0x0000000000020000
SRAM2            0x0000000030020000 0x0000000000020000
SRAM3            0x0000000030040000 0x0000000000008000
SRAM4            0x0000000038000000 0x0000000000010000
IDT_LIST         0x00000000ffff7fff 0x0000000000008000 xw
*default*        0x0000000000000000 0xffffffffffffffff

Linker script and memory map

                0x0000000008042dcc                vfprintf = __l_vfprintf
                0x0000000000000000                vfscanf = __l_vfscanf
LOAD zephyr/CMakeFiles/zephyr_pre0.dir/misc/empty_file.c.obj
LOAD zephyr/CMakeFiles/offsets.dir/./arch/arm/core/offsets/offsets.c.obj
LOAD app/libapp.a
LOAD zephyr/libzephyr.a
LOAD zephyr/arch/common/libarch__common.a
LOAD zephyr/arch/arch/arm/core/libarch__arm__core.a
LOAD zephyr/arch/arch/arm/core/cortex_m/libarch__arm__core__cortex_m.a
LOAD zephyr/arch/arch/arm/core/mpu/libarch__arm__core__mpu.a
LOAD zephyr/lib/libc/picolibc/liblib__libc__picolibc.a
LOAD zephyr/lib/libc/common/liblib__libc__common.a
LOAD zephyr/boards/arduino/portenta_h7/libboards__arduino__portenta_h7.a
LOAD zephyr/drivers/interrupt_controller/libdrivers__interrupt_controller.a
LOAD zephyr/drivers/clock_control/libdrivers__clock_control.a
LOAD zephyr/drivers/console/libdrivers__console.a
LOAD zephyr/drivers/gpio/libdrivers__gpio.a
LOAD zephyr/drivers/pinctrl/libdrivers__pinctrl.a
LOAD zephyr/drivers/regulator/libdrivers__regulator.a
LOAD zephyr/drivers/reset/libdrivers__reset.a
LOAD zephyr/drivers/serial/libdrivers__serial.a
LOAD zephyr/drivers/timer/libdrivers__timer.a
LOAD modules/stm32/stm32cube/lib..__modules__hal__stm32__stm32cube.a
LOAD zephyr/kernel/libkernel.a
LOAD c:/users/lily-rosetonolini/zephyr-sdk-0.16.5-1/arm-zephyr-eabi/bin/../lib/gcc/arm-zephyr-eabi/12.2.0/thumb/v7e-m/nofp\libgcc.a
LOAD zephyr/arch/common/libisr_tables.a
LOAD c:\users\lily-rosetonolini\zephyr-sdk-0.16.5-1\arm-zephyr-eabi\bin\../lib/gcc/../../picolibc/arm-zephyr-eabi/lib/thumb/v7e-m/nofp\libc.a
LOAD c:/users/lily-rosetonolini/zephyr-sdk-0.16.5-1/arm-zephyr-eabi/bin/../lib/gcc/arm-zephyr-eabi/12.2.0/thumb/v7e-m/nofp\libgcc.a
                0x0000000000000020                _region_min_align = 0x20

.rel.plt        0x0000000008040000        0x0
 *(SORT_BY_ALIGNMENT(.rel.plt))
                [!provide]                        PROVIDE (__rel_iplt_start = .)
 *(SORT_BY_ALIGNMENT(.rel.iplt))
 .rel.iplt      0x0000000008040000        0x0 app/libapp.a(main.c.obj)
                [!provide]                        PROVIDE (__rel_iplt_end = .)

.rela.plt       0x0000000000000000        0x0
 *(SORT_BY_ALIGNMENT(.rela.plt))
                [!provide]                        PROVIDE (__rela_iplt_start = .)
 *(SORT_BY_ALIGNMENT(.rela.iplt))
                [!provide]                        PROVIDE (__rela_iplt_end = .)

.rel.dyn
 *(SORT_BY_ALIGNMENT(.rel.*))

.rela.dyn
 *(SORT_BY_ALIGNMENT(.rela.*))

/DISCARD/
 *(SORT_BY_ALIGNMENT(.plt))

/DISCARD/
 *(SORT_BY_ALIGNMENT(.iplt))
                0x0000000008040000                __rom_region_start = 0x8040000

rom_start       0x0000000008040000      0x298
                0x0000000008040000                __rom_start_address = .
 FILL mask 0x00
                0x0000000008040000                . = (. + (0x0 - (. - __rom_start_address)))
                0x0000000008040000                . = ALIGN (0x4)
                0x0000000008040000                . = ALIGN (0x80)
                0x0000000008040000                . = ALIGN (0x400)
                0x0000000008040000                _vector_start = .
 *(SORT_BY_ALIGNMENT(.exc_vector_table))
 *(SORT_BY_ALIGNMENT(.exc_vector_table.*))
 .exc_vector_table._vector_table_section
                0x0000000008040000       0x40 zephyr/arch/arch/arm/core/cortex_m/libarch__arm__core__cortex_m.a(vector_table.S.obj)
                0x0000000008040000                _vector_table
 *(SORT_BY_ALIGNMENT(.vectors))
                0x0000000008040298                _vector_end = .
                0x0000000008040040                . = ALIGN (0x4)
 *(SORT_BY_ALIGNMENT(.gnu.linkonce.irq_vector_table*))
 .gnu.linkonce.irq_vector_table
                0x0000000008040040      0x258 zephyr/arch/common/libisr_tables.a(isr_tables.c.obj)
                0x0000000008040040                _irq_vector_table
                0x0000000008040298                _vector_end = .

text            0x0000000008040298     0x3c90
                0x0000000008040298                __text_region_start = .
 *(SORT_BY_ALIGNMENT(.text))
 .text          0x0000000008040298       0x30 c:/users/lily-rosetonolini/zephyr-sdk-0.16.5-1/arm-zephyr-eabi/bin/../lib/gcc/arm-zephyr-eabi/12.2.0/thumb/v7e-m/nofp\libgcc.a(_aeabi_uldivmod.o)
                0x0000000008040298                __aeabi_uldivmod
 .text          0x00000000080402c8        0x4 c:/users/lily-rosetonolini/zephyr-sdk-0.16.5-1/arm-zephyr-eabi/bin/../lib/gcc/arm-zephyr-eabi/12.2.0/thumb/v7e-m/nofp\libgcc.a(_dvmd_tls.o)
                0x00000000080402c8                __aeabi_idiv0
                0x00000000080402c8                __aeabi_ldiv0
 .text          0x00000000080402cc      0x2a0 c:/users/lily-rosetonolini/zephyr-sdk-0.16.5-1/arm-zephyr-eabi/bin/../lib/gcc/arm-zephyr-eabi/12.2.0/thumb/v7e-m/nofp\libgcc.a(_udivmoddi4.o)
                0x00000000080402cc                __udivmoddi4
 *(SORT_BY_ALIGNMENT(.text.*))
 .text.main     0x000000000804056c       0x74 app/libapp.a(main.c.obj)
                0x000000000804056c                main
 .text.char_out
                0x00000000080405e0        0xc zephyr/libzephyr.a(printk.c.obj)
 .text.vprintk  0x00000000080405ec       0x30 zephyr/libzephyr.a(printk.c.obj)
                0x00000000080405ec                vprintk
 .text.__printk_hook_install
                0x000000000804061c        0xc zephyr/libzephyr.a(printk.c.obj)
                0x000000000804061c                __printk_hook_install
 .text.z_thread_entry
                0x0000000008040628       0x34 zephyr/libzephyr.a(thread_entry.c.obj)
                0x0000000008040628                z_thread_entry
 .text.stm32h7_init
                0x000000000804065c       0x58 zephyr/libzephyr.a(soc_m7.c.obj)
 .text.stm32h7_m4_wakeup
                0x00000000080406b4       0x64 zephyr/libzephyr.a(soc_m7.c.obj)
 .text.mem_attr_get_regions
                0x0000000008040718        0xc zephyr/libzephyr.a(mem_attr.c.obj)
                0x0000000008040718                mem_attr_get_regions
 .text.z_SysNmiOnReset
                0x0000000008040724        0x8 zephyr/arch/arch/arm/core/libarch__arm__core.a(nmi_on_reset.S.obj)
                0x0000000008040724                z_SysNmiOnReset
 .text.arch_tls_stack_setup
                0x000000000804072c       0x40 zephyr/arch/arch/arm/core/libarch__arm__core.a(tls.c.obj)
                0x000000000804072c                arch_tls_stack_setup
 .text._HandlerModeExit
                0x000000000804076c       0x1c zephyr/arch/arch/arm/core/cortex_m/libarch__arm__core__cortex_m.a(exc_exit.S.obj)
                0x000000000804076c                z_arm_int_exit
                0x000000000804076c                z_arm_exc_exit
 .text.mem_manage_fault
                0x0000000008040788       0xa0 zephyr/arch/arch/arm/core/cortex_m/libarch__arm__core__cortex_m.a(fault.c.obj)
 .text.usage_fault.constprop.0
                0x0000000008040828       0x54 zephyr/arch/arch/arm/core/cortex_m/libarch__arm__core__cortex_m.a(fault.c.obj)
 .text.bus_fault.constprop.0
                0x000000000804087c       0x6c zephyr/arch/arch/arm/core/cortex_m/libarch__arm__core__cortex_m.a(fault.c.obj)
 .text.z_arm_fault
                0x00000000080408e8      0x128 zephyr/arch/arch/arm/core/cortex_m/libarch__arm__core__cortex_m.a(fault.c.obj)
                0x00000000080408e8                z_arm_fault
 .text.z_arm_fault_init
                0x0000000008040a10       0x10 zephyr/arch/arch/arm/core/cortex_m/libarch__arm__core__cortex_m.a(fault.c.obj)
                0x0000000008040a10                z_arm_fault_init
 .text.__fault  0x0000000008040a20       0x14 zephyr/arch/arch/arm/core/cortex_m/libarch__arm__core__cortex_m.a(fault_s.S.obj)
                0x0000000008040a20                z_arm_usage_fault
                0x0000000008040a20                z_arm_mpu_fault
                0x0000000008040a20                z_arm_exc_spurious
                0x0000000008040a20                z_arm_debug_monitor
                0x0000000008040a20                z_arm_hard_fault
                0x0000000008040a20                z_arm_bus_fault
 .text._reset_section
                0x0000000008040a34       0x2c zephyr/arch/arch/arm/core/cortex_m/libarch__arm__core__cortex_m.a(reset.S.obj)
                0x0000000008040a34                __start
                0x0000000008040a34                z_arm_reset
 .text.z_impl_k_thread_abort
                0x0000000008040a60       0x2c zephyr/arch/arch/arm/core/cortex_m/libarch__arm__core__cortex_m.a(thread_abort.c.obj)
                0x0000000008040a60                z_impl_k_thread_abort
 .text.arch_swap
                0x0000000008040a8c       0x30 zephyr/arch/arch/arm/core/cortex_m/libarch__arm__core__cortex_m.a(swap.c.obj)
                0x0000000008040a8c                arch_swap
 .text.z_arm_pendsv
                0x0000000008040abc       0x64 zephyr/arch/arch/arm/core/cortex_m/libarch__arm__core__cortex_m.a(swap_helper.S.obj)
                0x0000000008040abc                z_arm_pendsv
 .text.z_arm_svc
                0x0000000008040b20       0x20 zephyr/arch/arch/arm/core/cortex_m/libarch__arm__core__cortex_m.a(swap_helper.S.obj)
                0x0000000008040b20                z_arm_svc
 .text.arch_irq_enable
                0x0000000008040b40       0x1c zephyr/arch/arch/arm/core/cortex_m/libarch__arm__core__cortex_m.a(irq_manage.c.obj)
                0x0000000008040b40                arch_irq_enable
 .text.z_arm_irq_priority_set
                0x0000000008040b5c       0x2c zephyr/arch/arch/arm/core/cortex_m/libarch__arm__core__cortex_m.a(irq_manage.c.obj)
                0x0000000008040b5c                z_arm_irq_priority_set
 .text.z_prep_c
                0x0000000008040b88       0x48 zephyr/arch/arch/arm/core/cortex_m/libarch__arm__core__cortex_m.a(prep_c.c.obj)
                0x0000000008040b88                z_prep_c
 .text.arch_new_thread
                0x0000000008040bd0       0x2c zephyr/arch/arch/arm/core/cortex_m/libarch__arm__core__cortex_m.a(thread.c.obj)
                0x0000000008040bd0                arch_new_thread
 .text.z_check_thread_stack_fail
                0x0000000008040bfc       0x2c zephyr/arch/arch/arm/core/cortex_m/libarch__arm__core__cortex_m.a(thread.c.obj)
                0x0000000008040bfc                z_check_thread_stack_fail
 .text.arch_switch_to_main_thread
                0x0000000008040c28       0x38 zephyr/arch/arch/arm/core/cortex_m/libarch__arm__core__cortex_m.a(thread.c.obj)
                0x0000000008040c28                arch_switch_to_main_thread
 .text.z_arm_cpu_idle_init
                0x0000000008040c60        0xc zephyr/arch/arch/arm/core/cortex_m/libarch__arm__core__cortex_m.a(cpu_idle.S.obj)
                0x0000000008040c60                z_arm_cpu_idle_init
 .text.arch_cpu_idle
                0x0000000008040c6c       0x1c zephyr/arch/arch/arm/core/cortex_m/libarch__arm__core__cortex_m.a(cpu_idle.S.obj)
                0x0000000008040c6c                arch_cpu_idle
 .text.z_arm_interrupt_init
                0x0000000008040c88       0x18 zephyr/arch/arch/arm/core/cortex_m/libarch__arm__core__cortex_m.a(irq_init.c.obj)
                0x0000000008040c88                z_arm_interrupt_init
 .text._isr_wrapper
                0x0000000008040ca0       0x28 zephyr/arch/arch/arm/core/cortex_m/libarch__arm__core__cortex_m.a(isr_wrapper.S.obj)
                0x0000000008040ca0                _isr_wrapper
 .text.z_arm_configure_static_mpu_regions
                0x0000000008040cc8       0x18 zephyr/arch/arch/arm/core/mpu/libarch__arm__core__mpu.a(arm_core_mpu.c.obj)
                0x0000000008040cc8                z_arm_configure_static_mpu_regions
 .text.z_arm_configure_dynamic_mpu_regions
                0x0000000008040ce0       0x20 zephyr/arch/arch/arm/core/mpu/libarch__arm__core__mpu.a(arm_core_mpu.c.obj)
                0x0000000008040ce0                z_arm_configure_dynamic_mpu_regions
 .text.region_init
                0x0000000008040d00       0x28 zephyr/arch/arch/arm/core/mpu/libarch__arm__core__mpu.a(arm_mpu.c.obj)
 .text.mpu_configure_regions
                0x0000000008040d28       0x6c zephyr/arch/arch/arm/core/mpu/libarch__arm__core__mpu.a(arm_mpu.c.obj)
 .text.arm_core_mpu_enable
                0x0000000008040d94       0x18 zephyr/arch/arch/arm/core/mpu/libarch__arm__core__mpu.a(arm_mpu.c.obj)
                0x0000000008040d94                arm_core_mpu_enable
 .text.arm_core_mpu_disable
                0x0000000008040dac       0x14 zephyr/arch/arch/arm/core/mpu/libarch__arm__core__mpu.a(arm_mpu.c.obj)
                0x0000000008040dac                arm_core_mpu_disable
 .text.arm_core_mpu_configure_static_mpu_regions
                0x0000000008040dc0       0x14 zephyr/arch/arch/arm/core/mpu/libarch__arm__core__mpu.a(arm_mpu.c.obj)
                0x0000000008040dc0                arm_core_mpu_configure_static_mpu_regions
 .text.arm_core_mpu_configure_dynamic_mpu_regions
                0x0000000008040dd4       0x38 zephyr/arch/arch/arm/core/mpu/libarch__arm__core__mpu.a(arm_mpu.c.obj)
                0x0000000008040dd4                arm_core_mpu_configure_dynamic_mpu_regions
 .text.z_arm_mpu_init
                0x0000000008040e0c      0x160 zephyr/arch/arch/arm/core/mpu/libarch__arm__core__mpu.a(arm_mpu.c.obj)
                0x0000000008040e0c                z_arm_mpu_init
 .text.z_impl_zephyr_fputc
                0x0000000008040f6c       0x10 zephyr/lib/libc/picolibc/liblib__libc__picolibc.a(libc-hooks.c.obj)
                0x0000000008040f6c                z_impl_zephyr_fputc
 .text.__stdout_hook_install
                0x0000000008040f7c       0x18 zephyr/lib/libc/picolibc/liblib__libc__picolibc.a(libc-hooks.c.obj)
                0x0000000008040f7c                __stdout_hook_install
 .text.malloc_prepare
                0x0000000008040f94       0x24 zephyr/lib/libc/common/liblib__libc__common.a(malloc.c.obj)
 .text.board_init
                0x0000000008040fb8       0x34 zephyr/boards/arduino/portenta_h7/libboards__arduino__portenta_h7.a(board.c.obj)
 .text.stm32_exti_isr
                0x0000000008040fec       0x50 zephyr/drivers/interrupt_controller/libdrivers__interrupt_controller.a(intc_exti_stm32.c.obj)
 .text.stm32_fill_irq_table
                0x000000000804103c       0x18 zephyr/drivers/interrupt_controller/libdrivers__interrupt_controller.a(intc_exti_stm32.c.obj)
 .text.stm32_exti_enable
                0x0000000008041054       0x28 zephyr/drivers/interrupt_controller/libdrivers__interrupt_controller.a(intc_exti_stm32.c.obj)
                0x0000000008041054                stm32_exti_enable
 .text.stm32_exti_trigger
                0x000000000804107c       0x9c zephyr/drivers/interrupt_controller/libdrivers__interrupt_controller.a(intc_exti_stm32.c.obj)
                0x000000000804107c                stm32_exti_trigger
 .text.stm32_exti_set_callback
                0x0000000008041118       0x30 zephyr/drivers/interrupt_controller/libdrivers__interrupt_controller.a(intc_exti_stm32.c.obj)
                0x0000000008041118                stm32_exti_set_callback
 .text.stm32_exti_unset_callback
                0x0000000008041148       0x14 zephyr/drivers/interrupt_controller/libdrivers__interrupt_controller.a(intc_exti_stm32.c.obj)
                0x0000000008041148                stm32_exti_unset_callback
 .text.get_pllsrc_frequency
                0x000000000804115c       0x18 zephyr/drivers/clock_control/libdrivers__clock_control.a(clock_stm32_ll_h7.c.obj)
 .text.get_hclk_frequency
                0x0000000008041174       0x2c zephyr/drivers/clock_control/libdrivers__clock_control.a(clock_stm32_ll_h7.c.obj)
 .text.stm32_clock_control_get_subsys_rate
                0x00000000080411a0       0xa0 zephyr/drivers/clock_control/libdrivers__clock_control.a(clock_stm32_ll_h7.c.obj)
 .text.z_stm32_hsem_lock.constprop.0
                0x0000000008041240       0x30 zephyr/drivers/clock_control/libdrivers__clock_control.a(clock_stm32_ll_h7.c.obj)
 .text.stm32_clock_control_configure
                0x0000000008041270       0x6c zephyr/drivers/clock_control/libdrivers__clock_control.a(clock_stm32_ll_h7.c.obj)
 .text.stm32_clock_control_off
                0x00000000080412dc       0x3c zephyr/drivers/clock_control/libdrivers__clock_control.a(clock_stm32_ll_h7.c.obj)
 .text.stm32_clock_control_on
                0x0000000008041318       0x4c zephyr/drivers/clock_control/libdrivers__clock_control.a(clock_stm32_ll_h7.c.obj)
 .text.stm32_clock_control_init
                0x0000000008041364      0x1dc zephyr/drivers/clock_control/libdrivers__clock_control.a(clock_stm32_ll_h7.c.obj)
                0x0000000008041364                stm32_clock_control_init
 .text.uart_console_init
                0x0000000008041540       0x28 zephyr/drivers/console/libdrivers__console.a(uart_console.c.obj)
 .text.console_out
                0x0000000008041568       0x28 zephyr/drivers/console/libdrivers__console.a(uart_console.c.obj)
 .text.z_stm32_hsem_lock.constprop.0
                0x0000000008041590       0x34 zephyr/drivers/gpio/libdrivers__gpio.a(gpio_stm32.c.obj)
 .text.gpio_stm32_port_toggle_bits
                0x00000000080415c4       0x24 zephyr/drivers/gpio/libdrivers__gpio.a(gpio_stm32.c.obj)
 .text.gpio_stm32_port_set_masked_raw
                0x00000000080415e8       0x2c zephyr/drivers/gpio/libdrivers__gpio.a(gpio_stm32.c.obj)
 .text.gpio_stm32_init
                0x0000000008041614       0x30 zephyr/drivers/gpio/libdrivers__gpio.a(gpio_stm32.c.obj)
 .text.gpio_stm32_configure_raw.isra.0
                0x0000000008041644       0xc0 zephyr/drivers/gpio/libdrivers__gpio.a(gpio_stm32.c.obj)
 .text.gpio_stm32_pin_interrupt_configure
                0x0000000008041704      0x128 zephyr/drivers/gpio/libdrivers__gpio.a(gpio_stm32.c.obj)
 .text.pinctrl_configure_pins
                0x000000000804182c       0x84 zephyr/drivers/pinctrl/libdrivers__pinctrl.a(pinctrl_stm32.c.obj)
                0x000000000804182c                pinctrl_configure_pins
 .text.uart_stm32_parameters_set
                0x00000000080418b0      0x134 zephyr/drivers/serial/libdrivers__serial.a(uart_stm32.c.obj)
 .text.uart_stm32_init
                0x00000000080419e4      0x180 zephyr/drivers/serial/libdrivers__serial.a(uart_stm32.c.obj)
 .text.uart_stm32_configure
                0x0000000008041b64      0x178 zephyr/drivers/serial/libdrivers__serial.a(uart_stm32.c.obj)
 .text.elapsed  0x0000000008041cdc       0x4c zephyr/drivers/timer/libdrivers__timer.a(cortex_m_systick.c.obj)
 .text.sys_clock_driver_init
                0x0000000008041d28       0x38 zephyr/drivers/timer/libdrivers__timer.a(cortex_m_systick.c.obj)
 .text.sys_clock_isr
                0x0000000008041d60       0x54 zephyr/drivers/timer/libdrivers__timer.a(cortex_m_systick.c.obj)
                0x0000000008041d60                sys_clock_isr
 .text.sys_clock_set_timeout
                0x0000000008041db4       0xfc zephyr/drivers/timer/libdrivers__timer.a(cortex_m_systick.c.obj)
                0x0000000008041db4                sys_clock_set_timeout
 .text.sys_clock_elapsed
                0x0000000008041eb0       0x3c zephyr/drivers/timer/libdrivers__timer.a(cortex_m_systick.c.obj)
                0x0000000008041eb0                sys_clock_elapsed
 .text.HAL_DBGMCU_DisableDBGStopMode
                0x0000000008041eec       0x10 modules/stm32/stm32cube/lib..__modules__hal__stm32__stm32cube.a(stm32h7xx_hal.c.obj)
                0x0000000008041eec                HAL_DBGMCU_DisableDBGStopMode
 .text.LL_SetFlashLatency
                0x0000000008041efc       0xf4 modules/stm32/stm32cube/lib..__modules__hal__stm32__stm32cube.a(stm32h7xx_ll_utils.c.obj)
                0x0000000008041efc                LL_SetFlashLatency
 .text.z_fatal_error
                0x0000000008041ff0       0x30 zephyr/kernel/libkernel.a(fatal.c.obj)
                0x0000000008041ff0                z_fatal_error
 .text.z_sys_init_run_level
                0x0000000008042020       0x48 zephyr/kernel/libkernel.a(init.c.obj)
 .text.bg_thread_main
                0x0000000008042068       0xc0 zephyr/kernel/libkernel.a(init.c.obj)
 .text.z_bss_zero
                0x0000000008042128       0x18 zephyr/kernel/libkernel.a(init.c.obj)
                0x0000000008042128                z_bss_zero
 .text.z_init_cpu
                0x0000000008042140       0x8c zephyr/kernel/libkernel.a(init.c.obj)
                0x0000000008042140                z_init_cpu
 .text.z_cstart
                0x00000000080421cc       0xd0 zephyr/kernel/libkernel.a(init.c.obj)
                0x00000000080421cc                z_cstart
 .text.z_impl_k_mutex_lock
                0x000000000804229c       0xf4 zephyr/kernel/libkernel.a(mutex.c.obj)
                0x000000000804229c                z_impl_k_mutex_lock
 .text.z_impl_k_mutex_unlock
                0x0000000008042390       0x78 zephyr/kernel/libkernel.a(mutex.c.obj)
                0x0000000008042390                z_impl_k_mutex_unlock
 .text.z_setup_new_thread
                0x0000000008042408       0x98 zephyr/kernel/libkernel.a(thread.c.obj)
                0x0000000008042408                z_setup_new_thread
 .text.update_cache
                0x00000000080424a0       0x40 zephyr/kernel/libkernel.a(sched.c.obj)
 .text.unready_thread
                0x00000000080424e0       0x38 zephyr/kernel/libkernel.a(sched.c.obj)
 .text.ready_thread
                0x0000000008042518       0x68 zephyr/kernel/libkernel.a(sched.c.obj)
 .text.z_thread_halt
                0x0000000008042580       0xa8 zephyr/kernel/libkernel.a(sched.c.obj)
 .text.move_thread_to_end_of_prio_q
                0x0000000008042628       0x7c zephyr/kernel/libkernel.a(sched.c.obj)
                0x0000000008042628                move_thread_to_end_of_prio_q
 .text.z_pend_curr
                0x00000000080426a4       0x5c zephyr/kernel/libkernel.a(sched.c.obj)
                0x00000000080426a4                z_pend_curr
 .text.z_thread_prio_set
                0x0000000008042700       0x94 zephyr/kernel/libkernel.a(sched.c.obj)
                0x0000000008042700                z_thread_prio_set
 .text.z_reschedule
                0x0000000008042794       0x24 zephyr/kernel/libkernel.a(sched.c.obj)
                0x0000000008042794                z_reschedule
 .text.z_sched_start
                0x00000000080427b8       0x3c zephyr/kernel/libkernel.a(sched.c.obj)
                0x00000000080427b8                z_sched_start
 .text.z_reschedule_irqlock
                0x00000000080427f4       0x28 zephyr/kernel/libkernel.a(sched.c.obj)
                0x00000000080427f4                z_reschedule_irqlock
 .text.k_sched_lock
                0x000000000804281c       0x28 zephyr/kernel/libkernel.a(sched.c.obj)
                0x000000000804281c                k_sched_lock
 .text.k_sched_unlock
                0x0000000008042844       0x38 zephyr/kernel/libkernel.a(sched.c.obj)
                0x0000000008042844                k_sched_unlock
 .text.z_sched_init
                0x000000000804287c       0x10 zephyr/kernel/libkernel.a(sched.c.obj)
                0x000000000804287c                z_sched_init
 .text.z_impl_k_yield
                0x000000000804288c       0x80 zephyr/kernel/libkernel.a(sched.c.obj)
                0x000000000804288c                z_impl_k_yield
 .text.z_tick_sleep
                0x000000000804290c       0x88 zephyr/kernel/libkernel.a(sched.c.obj)
 .text.z_impl_k_sleep
                0x0000000008042994       0x38 zephyr/kernel/libkernel.a(sched.c.obj)
                0x0000000008042994                z_impl_k_sleep
 .text.z_impl_k_sched_current_thread_query
                0x00000000080429cc        0xc zephyr/kernel/libkernel.a(sched.c.obj)
                0x00000000080429cc                z_impl_k_sched_current_thread_query
 .text.slice_timeout
                0x00000000080429d8       0x20 zephyr/kernel/libkernel.a(timeslicing.c.obj)
 .text.thread_is_sliceable
                0x00000000080429f8       0x3c zephyr/kernel/libkernel.a(timeslicing.c.obj)
                0x00000000080429f8                thread_is_sliceable
 .text.z_reset_time_slice
                0x0000000008042a34       0x50 zephyr/kernel/libkernel.a(timeslicing.c.obj)
                0x0000000008042a34                z_reset_time_slice
 .text.z_time_slice
                0x0000000008042a84       0x60 zephyr/kernel/libkernel.a(timeslicing.c.obj)
                0x0000000008042a84                z_time_slice
 .text.z_data_copy
                0x0000000008042ae4       0x34 zephyr/kernel/libkernel.a(xip.c.obj)
                0x0000000008042ae4                z_data_copy
 .text.elapsed  0x0000000008042b18       0x14 zephyr/kernel/libkernel.a(timeout.c.obj)
 .text.remove_timeout
                0x0000000008042b2c       0x38 zephyr/kernel/libkernel.a(timeout.c.obj)
 .text.next_timeout
                0x0000000008042b64       0x40 zephyr/kernel/libkernel.a(timeout.c.obj)
 .text.z_add_timeout
                0x0000000008042ba4       0xec zephyr/kernel/libkernel.a(timeout.c.obj)
                0x0000000008042ba4                z_add_timeout
 .text.sys_clock_announce
                0x0000000008042c90       0xd8 zephyr/kernel/libkernel.a(timeout.c.obj)
                0x0000000008042c90                sys_clock_announce
 .text.sys_clock_tick_get
                0x0000000008042d68       0x34 zephyr/kernel/libkernel.a(timeout.c.obj)
                0x0000000008042d68                sys_clock_tick_get
 .text.boot_banner
                0x0000000008042d9c        0xc zephyr/kernel/libkernel.a(banner.c.obj)
                0x0000000008042d9c                boot_banner
 .text.printf   0x0000000008042da8       0x24 c:\users\lily-rosetonolini\zephyr-sdk-0.16.5-1\arm-zephyr-eabi\bin\../lib/gcc/../../picolibc/arm-zephyr-eabi/lib/thumb/v7e-m/nofp\libc.a(libc_tinystdio_printf.c.o)
                0x0000000008042da8                printf
 .text.__l_vfprintf
                0x0000000008042dcc      0x4b8 c:\users\lily-rosetonolini\zephyr-sdk-0.16.5-1\arm-zephyr-eabi\bin\../lib/gcc/../../picolibc/arm-zephyr-eabi/lib/thumb/v7e-m/nofp\libc.a(libc_tinystdio_vflprintf.c.o)
                0x0000000008042dcc                __l_vfprintf
 .text._OffsetAbsSyms
                0x0000000008043284        0x2 zephyr/CMakeFiles/offsets.dir/./arch/arm/core/offsets/offsets.c.obj
                0x0000000008043284                _OffsetAbsSyms
 .text.chunk_field
                0x0000000008043286       0x16 zephyr/libzephyr.a(heap.c.obj)
 .text.chunk_set
                0x000000000804329c       0x16 zephyr/libzephyr.a(heap.c.obj)
 .text.chunk_size
                0x00000000080432b2        0xc zephyr/libzephyr.a(heap.c.obj)
 .text.set_chunk_used
                0x00000000080432be       0x30 zephyr/libzephyr.a(heap.c.obj)
 .text.set_chunk_size
                0x00000000080432ee        0x8 zephyr/libzephyr.a(heap.c.obj)
 .text.bucket_idx.isra.0
                0x00000000080432f6       0x1e zephyr/libzephyr.a(heap.c.obj)
 .text.free_list_add
                0x0000000008043314       0x84 zephyr/libzephyr.a(heap.c.obj)
 .text.sys_heap_init
                0x0000000008043398       0xb0 zephyr/libzephyr.a(heap.c.obj)
                0x0000000008043398                sys_heap_init
 .text.arch_printk_char_out
                0x0000000008043448        0x4 zephyr/libzephyr.a(printk.c.obj)
                0x0000000008043448                arch_printk_char_out
 .text.printk   0x000000000804344c       0x1a zephyr/libzephyr.a(printk.c.obj)
                0x000000000804344c                printk
 .text._ConfigAbsSyms
                0x0000000008043466        0x2 zephyr/libzephyr.a(configs.c.obj)
                0x0000000008043466                _ConfigAbsSyms
 .text.st_stm32_common_config
                0x0000000008043468        0xa zephyr/libzephyr.a(soc_config.c.obj)
 .text.z_arm_fatal_error
                0x0000000008043472        0x4 zephyr/arch/arch/arm/core/libarch__arm__core.a(fatal.c.obj)
                0x0000000008043472                z_arm_fatal_error
 .text.z_do_kernel_oops
                0x0000000008043476        0x8 zephyr/arch/arch/arm/core/libarch__arm__core.a(fatal.c.obj)
                0x0000000008043476                z_do_kernel_oops
 .text.z_arm_nmi
                0x000000000804347e        0xe zephyr/arch/arch/arm/core/libarch__arm__core.a(nmi.c.obj)
                0x000000000804347e                z_arm_nmi
 .text.z_irq_spurious
                0x000000000804348c        0x8 zephyr/arch/arch/arm/core/cortex_m/libarch__arm__core__cortex_m.a(irq_manage.c.obj)
                0x000000000804348c                z_irq_spurious
 .text.size_to_mpu_rasr_size
                0x0000000008043494       0x20 zephyr/arch/arch/arm/core/mpu/libarch__arm__core__mpu.a(arm_mpu.c.obj)
 .text.picolibc_put
                0x00000000080434b4        0xa zephyr/lib/libc/picolibc/liblib__libc__picolibc.a(libc-hooks.c.obj)
 .text.stm32_exti_init
                0x00000000080434be       0x92 zephyr/drivers/interrupt_controller/libdrivers__interrupt_controller.a(intc_exti_stm32.c.obj)
 .text.stm32_exti_disable
                0x0000000008043550       0x1a zephyr/drivers/interrupt_controller/libdrivers__interrupt_controller.a(intc_exti_stm32.c.obj)
                0x0000000008043550                stm32_exti_disable
 .text.gpio_stm32_port_get_raw
                0x000000000804356a        0xc zephyr/drivers/gpio/libdrivers__gpio.a(gpio_stm32.c.obj)
 .text.gpio_stm32_port_set_bits_raw
                0x0000000008043576        0xa zephyr/drivers/gpio/libdrivers__gpio.a(gpio_stm32.c.obj)
 .text.gpio_stm32_port_clear_bits_raw
                0x0000000008043580        0xc zephyr/drivers/gpio/libdrivers__gpio.a(gpio_stm32.c.obj)
 .text.gpio_stm32_manage_callback
                0x000000000804358c       0x52 zephyr/drivers/gpio/libdrivers__gpio.a(gpio_stm32.c.obj)
 .text.gpio_stm32_config
                0x00000000080435de       0x78 zephyr/drivers/gpio/libdrivers__gpio.a(gpio_stm32.c.obj)
 .text.gpio_stm32_isr
                0x0000000008043656       0x2e zephyr/drivers/gpio/libdrivers__gpio.a(gpio_stm32.c.obj)
 .text.gpio_stm32_configure
                0x0000000008043684       0x30 zephyr/drivers/gpio/libdrivers__gpio.a(gpio_stm32.c.obj)
                0x0000000008043684                gpio_stm32_configure
 .text.pinctrl_lookup_state
                0x00000000080436b4       0x26 zephyr/drivers/pinctrl/libdrivers__pinctrl.a(common.c.obj)
                0x00000000080436b4                pinctrl_lookup_state
 .text.regulator_delay
                0x00000000080436da       0x22 zephyr/drivers/regulator/libdrivers__regulator.a(regulator_common.c.obj)
 .text.regulator_common_data_init
                0x00000000080436fc       0x10 zephyr/drivers/regulator/libdrivers__regulator.a(regulator_common.c.obj)
                0x00000000080436fc                regulator_common_data_init
 .text.regulator_disable
                0x000000000804370c       0x4c zephyr/drivers/regulator/libdrivers__regulator.a(regulator_common.c.obj)
                0x000000000804370c                regulator_disable
 .text.regulator_set_voltage
                0x0000000008043758       0x28 zephyr/drivers/regulator/libdrivers__regulator.a(regulator_common.c.obj)
                0x0000000008043758                regulator_set_voltage
 .text.regulator_set_current_limit
                0x0000000008043780       0x28 zephyr/drivers/regulator/libdrivers__regulator.a(regulator_common.c.obj)
                0x0000000008043780                regulator_set_current_limit
 .text.regulator_set_mode
                0x00000000080437a8       0x3e zephyr/drivers/regulator/libdrivers__regulator.a(regulator_common.c.obj)
                0x00000000080437a8                regulator_set_mode
 .text.regulator_common_init
                0x00000000080437e6       0xf4 zephyr/drivers/regulator/libdrivers__regulator.a(regulator_common.c.obj)
                0x00000000080437e6                regulator_common_init
 .text.gpio_pin_set
                0x00000000080438da       0x20 zephyr/drivers/regulator/libdrivers__regulator.a(regulator_fixed.c.obj)
 .text.regulator_fixed_enable
                0x00000000080438fa       0x1e zephyr/drivers/regulator/libdrivers__regulator.a(regulator_fixed.c.obj)
 .text.regulator_fixed_count_voltages
                0x0000000008043918        0xe zephyr/drivers/regulator/libdrivers__regulator.a(regulator_fixed.c.obj)
 .text.regulator_fixed_list_voltage
                0x0000000008043926       0x1a zephyr/drivers/regulator/libdrivers__regulator.a(regulator_fixed.c.obj)
 .text.regulator_fixed_init
                0x0000000008043940       0x54 zephyr/drivers/regulator/libdrivers__regulator.a(regulator_fixed.c.obj)
 .text.regulator_fixed_disable
                0x0000000008043994       0x16 zephyr/drivers/regulator/libdrivers__regulator.a(regulator_fixed.c.obj)
 .text.reset_stm32_status
                0x00000000080439aa       0x22 zephyr/drivers/reset/libdrivers__reset.a(reset_stm32.c.obj)
 .text.reset_stm32_line_assert
                0x00000000080439cc       0x1c zephyr/drivers/reset/libdrivers__reset.a(reset_stm32.c.obj)
 .text.reset_stm32_line_deassert
                0x00000000080439e8       0x1e zephyr/drivers/reset/libdrivers__reset.a(reset_stm32.c.obj)
 .text.reset_stm32_line_toggle
                0x0000000008043a06       0x16 zephyr/drivers/reset/libdrivers__reset.a(reset_stm32.c.obj)
 .text.uart_stm32_ll2cfg_databits
                0x0000000008043a1c       0x2a zephyr/drivers/serial/libdrivers__serial.a(uart_stm32.c.obj)
 .text.uart_stm32_err_check
                0x0000000008043a46       0x62 zephyr/drivers/serial/libdrivers__serial.a(uart_stm32.c.obj)
 .text.uart_stm32_set_baudrate
                0x0000000008043aa8       0x3a zephyr/drivers/serial/libdrivers__serial.a(uart_stm32.c.obj)
 .text.uart_stm32_poll_out
                0x0000000008043ae2       0x3a zephyr/drivers/serial/libdrivers__serial.a(uart_stm32.c.obj)
 .text.uart_stm32_poll_in
                0x0000000008043b1c       0x24 zephyr/drivers/serial/libdrivers__serial.a(uart_stm32.c.obj)
 .text.uart_stm32_config_get
                0x0000000008043b40       0x92 zephyr/drivers/serial/libdrivers__serial.a(uart_stm32.c.obj)
 .text.z_device_state_init
                0x0000000008043bd2        0x2 zephyr/kernel/libkernel.a(device.c.obj)
                0x0000000008043bd2                z_device_state_init
 .text.z_device_is_ready
                0x0000000008043bd4       0x16 zephyr/kernel/libkernel.a(device.c.obj)
                0x0000000008043bd4                z_device_is_ready
 .text.arch_system_halt
                0x0000000008043bea       0x12 zephyr/kernel/libkernel.a(fatal.c.obj)
                0x0000000008043bea                arch_system_halt
 .text.k_sys_fatal_error_handler
                0x0000000008043bfc        0x6 zephyr/kernel/libkernel.a(fatal.c.obj)
                0x0000000008043bfc                k_sys_fatal_error_handler
 .text.z_early_memset
                0x0000000008043c02        0x4 zephyr/kernel/libkernel.a(init.c.obj)
                0x0000000008043c02                z_early_memset
 .text.z_early_memcpy
                0x0000000008043c06        0x4 zephyr/kernel/libkernel.a(init.c.obj)
                0x0000000008043c06                z_early_memcpy
 .text.idle     0x0000000008043c0a       0x18 zephyr/kernel/libkernel.a(idle.c.obj)
                0x0000000008043c0a                idle
 .text.adjust_owner_prio.isra.0
                0x0000000008043c22       0x10 zephyr/kernel/libkernel.a(mutex.c.obj)
 .text.z_impl_k_mutex_init
                0x0000000008043c32        0xe zephyr/kernel/libkernel.a(mutex.c.obj)
                0x0000000008043c32                z_impl_k_mutex_init
 .text.z_impl_k_thread_start
                0x0000000008043c40        0x4 zephyr/kernel/libkernel.a(thread.c.obj)
                0x0000000008043c40                z_impl_k_thread_start
 .text.unpend_thread_no_timeout
                0x0000000008043c44       0x1a zephyr/kernel/libkernel.a(sched.c.obj)
 .text.add_to_waitq_locked
                0x0000000008043c5e       0x50 zephyr/kernel/libkernel.a(sched.c.obj)
 .text.z_ready_thread
                0x0000000008043cae       0x20 zephyr/kernel/libkernel.a(sched.c.obj)
                0x0000000008043cae                z_ready_thread
 .text.z_impl_k_thread_suspend
                0x0000000008043cce       0x36 zephyr/kernel/libkernel.a(sched.c.obj)
                0x0000000008043cce                z_impl_k_thread_suspend
 .text.z_sched_wake_thread
                0x0000000008043d04       0x46 zephyr/kernel/libkernel.a(sched.c.obj)
                0x0000000008043d04                z_sched_wake_thread
 .text.z_thread_timeout
                0x0000000008043d4a        0x8 zephyr/kernel/libkernel.a(sched.c.obj)
                0x0000000008043d4a                z_thread_timeout
 .text.z_unpend_first_thread
                0x0000000008043d52       0x32 zephyr/kernel/libkernel.a(sched.c.obj)
                0x0000000008043d52                z_unpend_first_thread
 .text.z_reschedule_unlocked
                0x0000000008043d84       0x14 zephyr/kernel/libkernel.a(sched.c.obj)
 .text.z_thread_abort
                0x0000000008043d98       0x42 zephyr/kernel/libkernel.a(sched.c.obj)
                0x0000000008043d98                z_thread_abort
 .text.z_abort_timeout
                0x0000000008043dda       0x2c zephyr/kernel/libkernel.a(timeout.c.obj)
                0x0000000008043dda                z_abort_timeout
 .text.sys_clock_tick_get_32
                0x0000000008043e06        0x8 zephyr/kernel/libkernel.a(timeout.c.obj)
                0x0000000008043e06                sys_clock_tick_get_32
 .text.z_priq_dumb_remove
                0x0000000008043e0e       0x10 zephyr/kernel/libkernel.a(priority_queues.c.obj)
                0x0000000008043e0e                z_priq_dumb_remove
 .text.z_priq_dumb_best
                0x0000000008043e1e        0xc zephyr/kernel/libkernel.a(priority_queues.c.obj)
                0x0000000008043e1e                z_priq_dumb_best
 .text.strnlen  0x0000000008043e2a       0x18 c:\users\lily-rosetonolini\zephyr-sdk-0.16.5-1\arm-zephyr-eabi\bin\../lib/gcc/../../picolibc/arm-zephyr-eabi/lib/thumb/v7e-m/nofp\libc.a(libc_string_strnlen.c.o)
                0x0000000008043e2a                strnlen
 .text.__ultoa_invert
                0x0000000008043e42       0xae c:\users\lily-rosetonolini\zephyr-sdk-0.16.5-1\arm-zephyr-eabi\bin\../lib/gcc/../../picolibc/arm-zephyr-eabi/lib/thumb/v7e-m/nofp\libc.a(libc_tinystdio_vflprintf.c.o)
 .text.memcpy   0x0000000008043ef0       0x1c c:\users\lily-rosetonolini\zephyr-sdk-0.16.5-1\arm-zephyr-eabi\bin\../lib/gcc/../../picolibc/arm-zephyr-eabi/lib/thumb/v7e-m/nofp\libc.a(memcpy.c.o)
                0x0000000008043ef0                __aeabi_memcpy
                0x0000000008043ef0                __aeabi_memcpy4
                0x0000000008043ef0                __aeabi_memcpy8
                0x0000000008043ef0                memcpy
 .text.memset   0x0000000008043f0c       0x10 c:\users\lily-rosetonolini\zephyr-sdk-0.16.5-1\arm-zephyr-eabi\bin\../lib/gcc/../../picolibc/arm-zephyr-eabi/lib/thumb/v7e-m/nofp\libc.a(memset.c.o)
                0x0000000008043f0c                memset
 *(SORT_BY_ALIGNMENT(.TEXT.*))
 .TEXT.__aeabi_read_tp
                0x0000000008043f1c        0xc zephyr/arch/arch/arm/core/cortex_m/libarch__arm__core__cortex_m.a(__aeabi_read_tp.S.obj)
                0x0000000008043f1c                __aeabi_read_tp
 *(SORT_BY_ALIGNMENT(.gnu.linkonce.t.*))
 *(SORT_BY_ALIGNMENT(.glue_7t))
 .glue_7t       0x0000000008043f28        0x0 linker stubs
 *(SORT_BY_ALIGNMENT(.glue_7))
 .glue_7        0x0000000008043f28        0x0 linker stubs
 *(SORT_BY_ALIGNMENT(.vfp11_veneer))
 .vfp11_veneer  0x0000000008043f28        0x0 linker stubs
 *(SORT_BY_ALIGNMENT(.v4_bx))
 .v4_bx         0x0000000008043f28        0x0 linker stubs
                0x0000000008043f28                . = ALIGN (0x4)
                0x0000000008043f28                __text_region_end = .

.ARM.exidx      0x0000000008043f28        0x8
                0x0000000008043f28                __exidx_start = .
 *(SORT_BY_ALIGNMENT(.ARM.exidx*) SORT_BY_ALIGNMENT(gnu.linkonce.armexidx.*))
 .ARM.exidx     0x0000000008043f28        0x8 c:/users/lily-rosetonolini/zephyr-sdk-0.16.5-1/arm-zephyr-eabi/bin/../lib/gcc/arm-zephyr-eabi/12.2.0/thumb/v7e-m/nofp\libgcc.a(_udivmoddi4.o)
                0x0000000008043f30                __exidx_end = .
                0x0000000008043f30                __rodata_region_start = .

initlevel       0x0000000008043f30       0xb8
                0x0000000008043f30                __init_start = .
                0x0000000008043f30                __init_EARLY_start = .
 *(SORT_BY_NAME(SORT_BY_ALIGNMENT(.z_init_EARLY?_*)))
 *(SORT_BY_NAME(SORT_BY_ALIGNMENT(.z_init_EARLY??_*)))
                0x0000000008043f30                __init_PRE_KERNEL_1_start = .
 *(SORT_BY_NAME(SORT_BY_ALIGNMENT(.z_init_PRE_KERNEL_1?_*)))
 .z_init_PRE_KERNEL_10_0_
                0x0000000008043f30        0x8 zephyr/libzephyr.a(soc_m7.c.obj)
 .z_init_PRE_KERNEL_11_00008_
                0x0000000008043f38        0x8 zephyr/drivers/clock_control/libdrivers__clock_control.a(clock_stm32_ll_h7.c.obj)
 .z_init_PRE_KERNEL_11_0_
                0x0000000008043f40        0x8 zephyr/libzephyr.a(soc_config.c.obj)
 *(SORT_BY_NAME(SORT_BY_ALIGNMENT(.z_init_PRE_KERNEL_1??_*)))
 .z_init_PRE_KERNEL_135_00065_
                0x0000000008043f48        0x8 zephyr/drivers/reset/libdrivers__reset.a(reset_stm32.c.obj)
 .z_init_PRE_KERNEL_140_00018_
                0x0000000008043f50        0x8 zephyr/drivers/gpio/libdrivers__gpio.a(gpio_stm32.c.obj)
 .z_init_PRE_KERNEL_140_00047_
                0x0000000008043f58        0x8 zephyr/drivers/gpio/libdrivers__gpio.a(gpio_stm32.c.obj)
 .z_init_PRE_KERNEL_140_00072_
                0x0000000008043f60        0x8 zephyr/drivers/interrupt_controller/libdrivers__interrupt_controller.a(intc_exti_stm32.c.obj)
 .z_init_PRE_KERNEL_140_00123_
                0x0000000008043f68        0x8 zephyr/drivers/gpio/libdrivers__gpio.a(gpio_stm32.c.obj)
 .z_init_PRE_KERNEL_140_00124_
                0x0000000008043f70        0x8 zephyr/drivers/gpio/libdrivers__gpio.a(gpio_stm32.c.obj)
 .z_init_PRE_KERNEL_140_00125_
                0x0000000008043f78        0x8 zephyr/drivers/gpio/libdrivers__gpio.a(gpio_stm32.c.obj)
 .z_init_PRE_KERNEL_140_00126_
                0x0000000008043f80        0x8 zephyr/drivers/gpio/libdrivers__gpio.a(gpio_stm32.c.obj)
 .z_init_PRE_KERNEL_140_00127_
                0x0000000008043f88        0x8 zephyr/drivers/gpio/libdrivers__gpio.a(gpio_stm32.c.obj)
 .z_init_PRE_KERNEL_140_00128_
                0x0000000008043f90        0x8 zephyr/drivers/gpio/libdrivers__gpio.a(gpio_stm32.c.obj)
 .z_init_PRE_KERNEL_140_00129_
                0x0000000008043f98        0x8 zephyr/drivers/gpio/libdrivers__gpio.a(gpio_stm32.c.obj)
 .z_init_PRE_KERNEL_140_00130_
                0x0000000008043fa0        0x8 zephyr/drivers/gpio/libdrivers__gpio.a(gpio_stm32.c.obj)
 .z_init_PRE_KERNEL_140_00131_
                0x0000000008043fa8        0x8 zephyr/drivers/gpio/libdrivers__gpio.a(gpio_stm32.c.obj)
 .z_init_PRE_KERNEL_150_00091_
                0x0000000008043fb0        0x8 zephyr/drivers/serial/libdrivers__serial.a(uart_stm32.c.obj)
 .z_init_PRE_KERNEL_160_0_
                0x0000000008043fb8        0x8 zephyr/drivers/console/libdrivers__console.a(uart_console.c.obj)
                0x0000000008043fc0                __init_PRE_KERNEL_2_start = .
 *(SORT_BY_NAME(SORT_BY_ALIGNMENT(.z_init_PRE_KERNEL_2?_*)))
 .z_init_PRE_KERNEL_20_0_
                0x0000000008043fc0        0x8 zephyr/drivers/timer/libdrivers__timer.a(cortex_m_systick.c.obj)
 *(SORT_BY_NAME(SORT_BY_ALIGNMENT(.z_init_PRE_KERNEL_2??_*)))
                0x0000000008043fc8                __init_POST_KERNEL_start = .
 *(SORT_BY_NAME(SORT_BY_ALIGNMENT(.z_init_POST_KERNEL?_*)))
 *(SORT_BY_NAME(SORT_BY_ALIGNMENT(.z_init_POST_KERNEL??_*)))
 .z_init_POST_KERNEL40_0_
                0x0000000008043fc8        0x8 zephyr/lib/libc/common/liblib__libc__common.a(malloc.c.obj)
 .z_init_POST_KERNEL50_0_
                0x0000000008043fd0        0x8 zephyr/boards/arduino/portenta_h7/libboards__arduino__portenta_h7.a(board.c.obj)
 .z_init_POST_KERNEL75_00019_
                0x0000000008043fd8        0x8 zephyr/drivers/regulator/libdrivers__regulator.a(regulator_fixed.c.obj)
 .z_init_POST_KERNEL90_0_
                0x0000000008043fe0        0x8 zephyr/libzephyr.a(soc_m7.c.obj)
                0x0000000008043fe8                __init_APPLICATION_start = .
 *(SORT_BY_NAME(SORT_BY_ALIGNMENT(.z_init_APPLICATION?_*)))
 *(SORT_BY_NAME(SORT_BY_ALIGNMENT(.z_init_APPLICATION??_*)))
                0x0000000008043fe8                __init_SMP_start = .
 *(SORT_BY_NAME(SORT_BY_ALIGNMENT(.z_init_SMP?_*)))
 *(SORT_BY_NAME(SORT_BY_ALIGNMENT(.z_init_SMP??_*)))
                0x0000000008043fe8                __init_end = .

device_area     0x0000000008043fe8      0x140
                0x0000000008043fe8                _device_list_start = .
 *(SORT_BY_NAME(SORT_BY_ALIGNMENT(._device.static.*_?_*)))
 ._device.static.1_1_
                0x0000000008043fe8       0x14 zephyr/drivers/clock_control/libdrivers__clock_control.a(clock_stm32_ll_h7.c.obj)
                0x0000000008043fe8                __device_dts_ord_8
 *(SORT_BY_NAME(SORT_BY_ALIGNMENT(._device.static.*_??_*)))
 ._device.static.1_35_
                0x0000000008043ffc       0x14 zephyr/drivers/reset/libdrivers__reset.a(reset_stm32.c.obj)
                0x0000000008043ffc                __device_dts_ord_65
 ._device.static.1_40_
                0x0000000008044010       0x14 zephyr/drivers/interrupt_controller/libdrivers__interrupt_controller.a(intc_exti_stm32.c.obj)
                0x0000000008044010                __device_dts_ord_72
 ._device.static.1_40_
                0x0000000008044024       0xdc zephyr/drivers/gpio/libdrivers__gpio.a(gpio_stm32.c.obj)
                0x0000000008044024                __device_dts_ord_47
                0x0000000008044038                __device_dts_ord_131
                0x000000000804404c                __device_dts_ord_130
                0x0000000008044060                __device_dts_ord_18
                0x0000000008044074                __device_dts_ord_129
                0x0000000008044088                __device_dts_ord_128
                0x000000000804409c                __device_dts_ord_127
                0x00000000080440b0                __device_dts_ord_126
                0x00000000080440c4                __device_dts_ord_125
                0x00000000080440d8                __device_dts_ord_124
                0x00000000080440ec                __device_dts_ord_123
 ._device.static.1_50_
                0x0000000008044100       0x14 zephyr/drivers/serial/libdrivers__serial.a(uart_stm32.c.obj)
                0x0000000008044100                __device_dts_ord_91
 ._device.static.3_75_
                0x0000000008044114       0x14 zephyr/drivers/regulator/libdrivers__regulator.a(regulator_fixed.c.obj)
                0x0000000008044114                __device_dts_ord_19
                0x0000000008044128                _device_list_end = .

sw_isr_table    0x0000000008044128      0x4b0
                0x0000000008044128                . = ALIGN (0x4)
 *(SORT_BY_ALIGNMENT(.gnu.linkonce.sw_isr_table*))
 .gnu.linkonce.sw_isr_table
                0x0000000008044128      0x4b0 zephyr/arch/common/libisr_tables.a(isr_tables.c.obj)
                0x0000000008044128                _sw_isr_table

initlevel_error
                0x0000000008043f30        0x0
 *(SORT_BY_NAME(SORT_BY_ALIGNMENT(.z_init_[_A-Z0-9]*)))
                0x0000000000000001                ASSERT ((SIZEOF (initlevel_error) == 0x0), Undefined initialization levels used.)

app_shmem_regions
                0x00000000080445d8        0x0
                0x00000000080445d8                __app_shmem_regions_start = .
 *(SORT_BY_NAME(SORT_BY_ALIGNMENT(.app_regions.*)))
                0x00000000080445d8                __app_shmem_regions_end = .

k_p4wq_initparam_area
                0x00000000080445d8        0x0
                0x00000000080445d8                _k_p4wq_initparam_list_start = .
 *(SORT_BY_NAME(SORT_BY_ALIGNMENT(._k_p4wq_initparam.static.*)))
                0x00000000080445d8                _k_p4wq_initparam_list_end = .

_static_thread_data_area
                0x00000000080445d8        0x0
                0x00000000080445d8                __static_thread_data_list_start = .
 *(SORT_BY_NAME(SORT_BY_ALIGNMENT(.__static_thread_data.static.*)))
                0x00000000080445d8                __static_thread_data_list_end = .

device_deps     0x00000000080445d8        0x0
                0x00000000080445d8                __device_deps_start = .
 *(SORT_BY_NAME(SORT_BY_ALIGNMENT(.__device_deps_pass2*)))
                0x00000000080445d8                __device_deps_end = .

ztest           0x00000000080445d8        0x0
                0x00000000080445d8                _ztest_expected_result_entry_list_start = .
 *(SORT_BY_NAME(SORT_BY_ALIGNMENT(._ztest_expected_result_entry.static.*)))
                0x00000000080445d8                _ztest_expected_result_entry_list_end = .
                0x00000000080445d8                _ztest_suite_node_list_start = .
 *(SORT_BY_NAME(SORT_BY_ALIGNMENT(._ztest_suite_node.static.*)))
                0x00000000080445d8                _ztest_suite_node_list_end = .
                0x00000000080445d8                _ztest_unit_test_list_start = .
 *(SORT_BY_NAME(SORT_BY_ALIGNMENT(._ztest_unit_test.static.*)))
                0x00000000080445d8                _ztest_unit_test_list_end = .
                0x00000000080445d8                _ztest_test_rule_list_start = .
 *(SORT_BY_NAME(SORT_BY_ALIGNMENT(._ztest_test_rule.static.*)))
                0x00000000080445d8                _ztest_test_rule_list_end = .

bt_l2cap_fixed_chan_area
                0x00000000080445d8        0x0
                0x00000000080445d8                _bt_l2cap_fixed_chan_list_start = .
 *(SORT_BY_NAME(SORT_BY_ALIGNMENT(._bt_l2cap_fixed_chan.static.*)))
                0x00000000080445d8                _bt_l2cap_fixed_chan_list_end = .

bt_gatt_service_static_area
                0x00000000080445d8        0x0
                0x00000000080445d8                _bt_gatt_service_static_list_start = .
 *(SORT_BY_NAME(SORT_BY_ALIGNMENT(._bt_gatt_service_static.static.*)))
                0x00000000080445d8                _bt_gatt_service_static_list_end = .

log_strings_area
                0x00000000080445d8        0x0
                0x00000000080445d8                _log_strings_list_start = .
 *(SORT_BY_NAME(SORT_BY_ALIGNMENT(._log_strings.static.*)))
                0x00000000080445d8                _log_strings_list_end = .

log_const_area  0x00000000080445d8        0x0
                0x00000000080445d8                _log_const_list_start = .
 *(SORT_BY_NAME(SORT_BY_ALIGNMENT(._log_const.static.*)))
                0x00000000080445d8                _log_const_list_end = .

log_backend_area
                0x00000000080445d8        0x0
                0x00000000080445d8                _log_backend_list_start = .
 *(SORT_BY_NAME(SORT_BY_ALIGNMENT(._log_backend.static.*)))
                0x00000000080445d8                _log_backend_list_end = .

log_link_area   0x00000000080445d8        0x0
                0x00000000080445d8                _log_link_list_start = .
 *(SORT_BY_NAME(SORT_BY_ALIGNMENT(._log_link.static.*)))
                0x00000000080445d8                _log_link_list_end = .

tracing_backend_area
                0x00000000080445d8        0x0
                0x00000000080445d8                _tracing_backend_list_start = .
 *(SORT_BY_NAME(SORT_BY_ALIGNMENT(._tracing_backend.static.*)))
                0x00000000080445d8                _tracing_backend_list_end = .

zephyr_dbg_info
 *(SORT_BY_ALIGNMENT(.dbg_thread_info))

symbol_to_keep  0x00000000080445d8        0x0
                0x00000000080445d8                __symbol_to_keep_start = .
 *(SORT_BY_NAME(SORT_BY_ALIGNMENT(.symbol_to_keep*)))
                0x00000000080445d8                __symbol_to_keep_end = .

shell_area      0x00000000080445d8        0x0
                0x00000000080445d8                _shell_list_start = .
 *(SORT_BY_NAME(SORT_BY_ALIGNMENT(._shell.static.*)))
                0x00000000080445d8                _shell_list_end = .

shell_root_cmds_area
                0x00000000080445d8        0x0
                0x00000000080445d8                _shell_root_cmds_list_start = .
 *(SORT_BY_NAME(SORT_BY_ALIGNMENT(._shell_root_cmds.static.*)))
                0x00000000080445d8                _shell_root_cmds_list_end = .

shell_subcmds_area
                0x00000000080445d8        0x0
                0x00000000080445d8                _shell_subcmds_list_start = .
 *(SORT_BY_NAME(SORT_BY_ALIGNMENT(._shell_subcmds.static.*)))
                0x00000000080445d8                _shell_subcmds_list_end = .

shell_dynamic_subcmds_area
                0x00000000080445d8        0x0
                0x00000000080445d8                _shell_dynamic_subcmds_list_start = .
 *(SORT_BY_NAME(SORT_BY_ALIGNMENT(._shell_dynamic_subcmds.static.*)))
                0x00000000080445d8                _shell_dynamic_subcmds_list_end = .

cfb_font_area   0x00000000080445d8        0x0
                0x00000000080445d8                _cfb_font_list_start = .
 *(SORT_BY_NAME(SORT_BY_ALIGNMENT(._cfb_font.static.*)))
                0x00000000080445d8                _cfb_font_list_end = .

tdata           0x00000000080445d8        0x0
 *(SORT_BY_ALIGNMENT(.tdata) SORT_BY_ALIGNMENT(.tdata.*) SORT_BY_ALIGNMENT(.gnu.linkonce.td.*))

tbss            0x00000000080445d8        0x4
 *(SORT_BY_ALIGNMENT(.tbss) SORT_BY_ALIGNMENT(.tbss.*) SORT_BY_ALIGNMENT(.gnu.linkonce.tb.*) SORT_BY_ALIGNMENT(.tcommon))
 .tbss.z_tls_current
                0x00000000080445d8        0x4 zephyr/libzephyr.a(thread_entry.c.obj)
                0x00000000080445d8                z_tls_current
                0x00000000080445d8                PROVIDE (__tdata_start = LOADADDR (tdata))
                0x0000000000000001                PROVIDE (__tdata_align = ALIGNOF (tdata))
                0x0000000000000000                PROVIDE (__tdata_size = (((SIZEOF (tdata) + __tdata_align) - 0x1) & ~ ((__tdata_align - 0x1))))
                [!provide]                        PROVIDE (__tdata_end = (__tdata_start + __tdata_size))
                0x0000000000000004                PROVIDE (__tbss_align = ALIGNOF (tbss))
                [!provide]                        PROVIDE (__tbss_start = ADDR (tbss))
                0x0000000000000004                PROVIDE (__tbss_size = (((SIZEOF (tbss) + __tbss_align) - 0x1) & ~ ((__tbss_align - 0x1))))
                [!provide]                        PROVIDE (__tbss_end = (__tbss_start + __tbss_size))
                [!provide]                        PROVIDE (__tls_start = __tdata_start)
                [!provide]                        PROVIDE (__tls_end = __tbss_end)
                [!provide]                        PROVIDE (__tls_size = (__tbss_end - __tdata_start))

rodata          0x00000000080445d8      0x400
 *(SORT_BY_ALIGNMENT(.rodata))
 .rodata        0x00000000080445d8        0x8 zephyr/drivers/gpio/libdrivers__gpio.a(gpio_stm32.c.obj)
 *(SORT_BY_ALIGNMENT(.rodata.*))
 .rodata.mpu_config
                0x00000000080445e0        0x8 zephyr/libzephyr.a(mpu_regions.c.obj)
                0x00000000080445e0                mpu_config
 .rodata.mpu_regions
                0x00000000080445e8       0x24 zephyr/libzephyr.a(mpu_regions.c.obj)
 .rodata.mem_attr_region
                0x000000000804460c       0x10 zephyr/libzephyr.a(mem_attr.c.obj)
 .rodata.static_regions
                0x000000000804461c        0xc zephyr/arch/arch/arm/core/mpu/libarch__arm__core__mpu.a(arm_core_mpu.c.obj)
 .rodata.stdout
                0x0000000008044628        0x4 zephyr/lib/libc/picolibc/liblib__libc__picolibc.a(libc-hooks.c.obj)
                0x0000000008044628                stderr
                0x0000000008044628                stdout
 .rodata.gpio_stm32_cfg_k
                0x000000000804462c       0x14 zephyr/drivers/gpio/libdrivers__gpio.a(gpio_stm32.c.obj)
 .rodata.gpio_stm32_cfg_j
                0x0000000008044640       0x14 zephyr/drivers/gpio/libdrivers__gpio.a(gpio_stm32.c.obj)
 .rodata.gpio_stm32_cfg_i
                0x0000000008044654       0x14 zephyr/drivers/gpio/libdrivers__gpio.a(gpio_stm32.c.obj)
 .rodata.gpio_stm32_cfg_h
                0x0000000008044668       0x14 zephyr/drivers/gpio/libdrivers__gpio.a(gpio_stm32.c.obj)
 .rodata.gpio_stm32_cfg_g
                0x000000000804467c       0x14 zephyr/drivers/gpio/libdrivers__gpio.a(gpio_stm32.c.obj)
 .rodata.gpio_stm32_cfg_f
                0x0000000008044690       0x14 zephyr/drivers/gpio/libdrivers__gpio.a(gpio_stm32.c.obj)
 .rodata.gpio_stm32_cfg_e
                0x00000000080446a4       0x14 zephyr/drivers/gpio/libdrivers__gpio.a(gpio_stm32.c.obj)
 .rodata.gpio_stm32_cfg_d
                0x00000000080446b8       0x14 zephyr/drivers/gpio/libdrivers__gpio.a(gpio_stm32.c.obj)
 .rodata.gpio_stm32_cfg_c
                0x00000000080446cc       0x14 zephyr/drivers/gpio/libdrivers__gpio.a(gpio_stm32.c.obj)
 .rodata.gpio_stm32_cfg_b
                0x00000000080446e0       0x14 zephyr/drivers/gpio/libdrivers__gpio.a(gpio_stm32.c.obj)
 .rodata.gpio_stm32_cfg_a
                0x00000000080446f4       0x14 zephyr/drivers/gpio/libdrivers__gpio.a(gpio_stm32.c.obj)
 .rodata.gpio_stm32_driver
                0x0000000008044708       0x24 zephyr/drivers/gpio/libdrivers__gpio.a(gpio_stm32.c.obj)
 .rodata.gpio_ports
                0x000000000804472c       0x2c zephyr/drivers/pinctrl/libdrivers__pinctrl.a(pinctrl_stm32.c.obj)
 .rodata.config0
                0x0000000008044758       0x30 zephyr/drivers/regulator/libdrivers__regulator.a(regulator_fixed.c.obj)
 .rodata.regulator_fixed_api
                0x0000000008044788       0x3c zephyr/drivers/regulator/libdrivers__regulator.a(regulator_fixed.c.obj)
 .rodata.reset_stm32_config
                0x00000000080447c4        0x4 zephyr/drivers/reset/libdrivers__reset.a(reset_stm32.c.obj)
 .rodata.reset_stm32_driver_api
                0x00000000080447c8       0x10 zephyr/drivers/reset/libdrivers__reset.a(reset_stm32.c.obj)
 .rodata.uart_stm32_cfg_0
                0x00000000080447d8       0x24 zephyr/drivers/serial/libdrivers__serial.a(uart_stm32.c.obj)
 .rodata.pclken_0
                0x00000000080447fc        0x8 zephyr/drivers/serial/libdrivers__serial.a(uart_stm32.c.obj)
 .rodata.__pinctrl_dev_config__device_dts_ord_91
                0x0000000008044804        0x8 zephyr/drivers/serial/libdrivers__serial.a(uart_stm32.c.obj)
 .rodata.__pinctrl_states__device_dts_ord_91
                0x000000000804480c        0x8 zephyr/drivers/serial/libdrivers__serial.a(uart_stm32.c.obj)
 .rodata.__pinctrl_state_pins_0__device_dts_ord_91
                0x0000000008044814       0x10 zephyr/drivers/serial/libdrivers__serial.a(uart_stm32.c.obj)
 .rodata.uart_stm32_driver_api
                0x0000000008044824       0x14 zephyr/drivers/serial/libdrivers__serial.a(uart_stm32.c.obj)
 .rodata.levels.0
                0x0000000008044838       0x18 zephyr/kernel/libkernel.a(init.c.obj)
 .rodata.CSWTCH.726
                0x0000000008044850        0x6 zephyr/drivers/serial/libdrivers__serial.a(uart_stm32.c.obj)
 .rodata.main.str1.1
                0x0000000008044856       0x16 app/libapp.a(main.c.obj)
 .rodata.str1.1
                0x000000000804486c       0x12 zephyr/libzephyr.a(mpu_regions.c.obj)
 .rodata.str1.1
                0x000000000804487e       0x10 zephyr/libzephyr.a(mem_attr.c.obj)
 .rodata.line_range_6.0
                0x000000000804488e        0x2 zephyr/drivers/interrupt_controller/libdrivers__interrupt_controller.a(intc_exti_stm32.c.obj)
 .rodata.line_range_5.1
                0x0000000008044890        0x2 zephyr/drivers/interrupt_controller/libdrivers__interrupt_controller.a(intc_exti_stm32.c.obj)
 .rodata.line_range_4.2
                0x0000000008044892        0x2 zephyr/drivers/interrupt_controller/libdrivers__interrupt_controller.a(intc_exti_stm32.c.obj)
 .rodata.line_range_3.3
                0x0000000008044894        0x2 zephyr/drivers/interrupt_controller/libdrivers__interrupt_controller.a(intc_exti_stm32.c.obj)
 .rodata.line_range_2.4
                0x0000000008044896        0x2 zephyr/drivers/interrupt_controller/libdrivers__interrupt_controller.a(intc_exti_stm32.c.obj)
 .rodata.line_range_1.5
                0x0000000008044898        0x2 zephyr/drivers/interrupt_controller/libdrivers__interrupt_controller.a(intc_exti_stm32.c.obj)
 .rodata.line_range_0.6
                0x000000000804489a        0x2 zephyr/drivers/interrupt_controller/libdrivers__interrupt_controller.a(intc_exti_stm32.c.obj)
 .rodata.str1.1
                0x000000000804489c       0x1e zephyr/drivers/interrupt_controller/libdrivers__interrupt_controller.a(intc_exti_stm32.c.obj)
 .rodata.str1.1
                0x00000000080448ba        0xd zephyr/drivers/clock_control/libdrivers__clock_control.a(clock_stm32_ll_h7.c.obj)
 .rodata.str1.1
                0x00000000080448c7       0x9a zephyr/drivers/gpio/libdrivers__gpio.a(gpio_stm32.c.obj)
 .rodata.str1.1
                0x0000000008044961        0x6 zephyr/drivers/regulator/libdrivers__regulator.a(regulator_fixed.c.obj)
 .rodata.__compound_literal.0
                0x0000000008044967        0x0 zephyr/drivers/regulator/libdrivers__regulator.a(regulator_fixed.c.obj)
 .rodata.str1.1
                0x0000000008044967       0x11 zephyr/drivers/reset/libdrivers__reset.a(reset_stm32.c.obj)
 .rodata.str1.1
                0x0000000008044978       0x10 zephyr/drivers/serial/libdrivers__serial.a(uart_stm32.c.obj)
 .rodata.z_cstart.str1.1
                0x0000000008044988        0x5 zephyr/kernel/libkernel.a(init.c.obj)
 .rodata.boot_banner.str1.1
                0x000000000804498d       0x3b zephyr/kernel/libkernel.a(banner.c.obj)
 .rodata.__l_vfprintf.str1.1
                0x00000000080449c8        0xf c:\users\lily-rosetonolini\zephyr-sdk-0.16.5-1\arm-zephyr-eabi\bin\../lib/gcc/../../picolibc/arm-zephyr-eabi/lib/thumb/v7e-m/nofp\libc.a(libc_tinystdio_vflprintf.c.o)
 *(SORT_BY_ALIGNMENT(.gnu.linkonce.r.*))
                0x00000000080449d8                . = ALIGN (0x4)
 *fill*         0x00000000080449d7        0x1 
                0x00000000080449d8                __rodata_region_end = .
                0x00000000080449e0                . = ALIGN (_region_min_align)
                0x0000000008048000                . = ALIGN ((0x1 << LOG2CEIL ((__rodata_region_end - ADDR (rom_start)))))
                0x0000000008048000                __rom_region_end = ((__rom_region_start + .) - ADDR (rom_start))

/DISCARD/
 *(SORT_BY_ALIGNMENT(.got.plt))
 *(SORT_BY_ALIGNMENT(.igot.plt))
 *(SORT_BY_ALIGNMENT(.got))
 *(SORT_BY_ALIGNMENT(.igot))
                0x0000000024000000                . = 0x24000000
                0x0000000024000000                . = ALIGN (_region_min_align)
                0x0000000024000000                _image_ram_start = .

.ramfunc        0x0000000024000000        0x0 load address 0x00000000080449d8
                0x0000000024000000                . = ALIGN (_region_min_align)
                0x0000000024000000                . = ALIGN ((0x1 << LOG2CEIL (__ramfunc_size)))
                0x0000000024000000                __ramfunc_start = .
 *(SORT_BY_ALIGNMENT(.ramfunc))
 *(SORT_BY_ALIGNMENT(.ramfunc.*))
                0x0000000024000000                . = ALIGN (_region_min_align)
                0x0000000024000000                . = ALIGN ((0x1 << LOG2CEIL (__ramfunc_size)))
                0x0000000024000000                __ramfunc_end = .
                0x0000000000000000                __ramfunc_size = (__ramfunc_end - __ramfunc_start)
                0x00000000080449d8                __ramfunc_load_start = LOADADDR (.ramfunc)

datas           0x0000000024000000       0x6c load address 0x00000000080449d8
                0x0000000024000000                __data_region_start = .
                0x0000000024000000                __data_start = .
 *(SORT_BY_ALIGNMENT(.data))
 *(SORT_BY_ALIGNMENT(.data.*))
 .data._char_out
                0x0000000024000000        0x4 zephyr/libzephyr.a(printk.c.obj)
                0x0000000024000000                _char_out
 .data.__stdout
                0x0000000024000004       0x10 zephyr/lib/libc/picolibc/liblib__libc__picolibc.a(libc-hooks.c.obj)
 .data.stm32_clock_control_api
                0x0000000024000014       0x1c zephyr/drivers/clock_control/libdrivers__clock_control.a(clock_stm32_ll_h7.c.obj)
 .data.uart_stm32_data_0
                0x0000000024000030        0x8 zephyr/drivers/serial/libdrivers__serial.a(uart_stm32.c.obj)
 .data.uart_cfg_0
                0x0000000024000038        0x8 zephyr/drivers/serial/libdrivers__serial.a(uart_stm32.c.obj)
 .data.SystemCoreClock
                0x0000000024000040        0x4 modules/stm32/stm32cube/lib..__modules__hal__stm32__stm32cube.a(system_stm32h7xx.c.obj)
                0x0000000024000040                SystemCoreClock
 .data.timeout_list
                0x0000000024000044        0x8 zephyr/kernel/libkernel.a(timeout.c.obj)
 .data.exti_irq_table
                0x000000002400004c       0x20 zephyr/drivers/interrupt_controller/libdrivers__interrupt_controller.a(intc_exti_stm32.c.obj)
 *(SORT_BY_ALIGNMENT(.kernel.*))
                0x000000002400006c                __data_end = .
                0x000000000000006c                __data_size = (__data_end - __data_start)
                0x00000000080449d8                __data_load_start = LOADADDR (datas)
                0x00000000080449d8                __data_region_load_start = LOADADDR (datas)

device_states   0x000000002400006c       0x20 load address 0x0000000008044a44
                0x000000002400006c                __device_states_start = .
 *(SORT_BY_ALIGNMENT(.z_devstate))
 .z_devstate    0x000000002400006c        0x2 zephyr/drivers/interrupt_controller/libdrivers__interrupt_controller.a(intc_exti_stm32.c.obj)
 .z_devstate    0x000000002400006e        0x2 zephyr/drivers/clock_control/libdrivers__clock_control.a(clock_stm32_ll_h7.c.obj)
 .z_devstate    0x0000000024000070       0x16 zephyr/drivers/gpio/libdrivers__gpio.a(gpio_stm32.c.obj)
 .z_devstate    0x0000000024000086        0x2 zephyr/drivers/regulator/libdrivers__regulator.a(regulator_fixed.c.obj)
 .z_devstate    0x0000000024000088        0x2 zephyr/drivers/reset/libdrivers__reset.a(reset_stm32.c.obj)
 .z_devstate    0x000000002400008a        0x2 zephyr/drivers/serial/libdrivers__serial.a(uart_stm32.c.obj)
 *(SORT_BY_ALIGNMENT(.z_devstate.*))
                0x000000002400008c                __device_states_end = .

log_mpsc_pbuf_area
                0x000000002400008c        0x0 load address 0x0000000008044a64
                0x000000002400008c                _log_mpsc_pbuf_list_start = .
 *(SORT_BY_NAME(SORT_BY_ALIGNMENT(._log_mpsc_pbuf.static.*)))
                0x000000002400008c                _log_mpsc_pbuf_list_end = .

log_msg_ptr_area
                0x000000002400008c        0x0 load address 0x0000000008044a64
                0x000000002400008c                _log_msg_ptr_list_start = .
 *(SORT_BY_NAME(SORT_BY_ALIGNMENT(._log_msg_ptr.static.*)))
                0x000000002400008c                _log_msg_ptr_list_end = .

log_dynamic_area
                0x000000002400008c        0x0 load address 0x0000000008044a64
                0x000000002400008c                _log_dynamic_list_start = .
 *(SORT_BY_NAME(SORT_BY_ALIGNMENT(._log_dynamic.static.*)))
                0x000000002400008c                _log_dynamic_list_end = .

k_timer_area    0x000000002400008c        0x0 load address 0x0000000008044a64
                0x000000002400008c                _k_timer_list_start = .
 *(SORT_BY_NAME(SORT_BY_ALIGNMENT(._k_timer.static.*)))
                0x000000002400008c                _k_timer_list_end = .

k_mem_slab_area
                0x000000002400008c        0x0 load address 0x0000000008044a64
                0x000000002400008c                _k_mem_slab_list_start = .
 *(SORT_BY_NAME(SORT_BY_ALIGNMENT(._k_mem_slab.static.*)))
                0x000000002400008c                _k_mem_slab_list_end = .

k_heap_area     0x000000002400008c        0x0 load address 0x0000000008044a64
                0x000000002400008c                _k_heap_list_start = .
 *(SORT_BY_NAME(SORT_BY_ALIGNMENT(._k_heap.static.*)))
                0x000000002400008c                _k_heap_list_end = .

k_mutex_area    0x000000002400008c        0x0 load address 0x0000000008044a64
                0x000000002400008c                _k_mutex_list_start = .
 *(SORT_BY_NAME(SORT_BY_ALIGNMENT(._k_mutex.static.*)))
                0x000000002400008c                _k_mutex_list_end = .

k_stack_area    0x000000002400008c        0x0 load address 0x0000000008044a64
                0x000000002400008c                _k_stack_list_start = .
 *(SORT_BY_NAME(SORT_BY_ALIGNMENT(._k_stack.static.*)))
                0x000000002400008c                _k_stack_list_end = .

k_msgq_area     0x000000002400008c        0x0 load address 0x0000000008044a64
                0x000000002400008c                _k_msgq_list_start = .
 *(SORT_BY_NAME(SORT_BY_ALIGNMENT(._k_msgq.static.*)))
                0x000000002400008c                _k_msgq_list_end = .

k_mbox_area     0x000000002400008c        0x0 load address 0x0000000008044a64
                0x000000002400008c                _k_mbox_list_start = .
 *(SORT_BY_NAME(SORT_BY_ALIGNMENT(._k_mbox.static.*)))
                0x000000002400008c                _k_mbox_list_end = .

k_pipe_area     0x000000002400008c        0x0 load address 0x0000000008044a64
                0x000000002400008c                _k_pipe_list_start = .
 *(SORT_BY_NAME(SORT_BY_ALIGNMENT(._k_pipe.static.*)))
                0x000000002400008c                _k_pipe_list_end = .

k_sem_area      0x000000002400008c        0x0 load address 0x0000000008044a64
                0x000000002400008c                _k_sem_list_start = .
 *(SORT_BY_NAME(SORT_BY_ALIGNMENT(._k_sem.static.*)))
                0x000000002400008c                _k_sem_list_end = .

k_event_area    0x000000002400008c        0x0 load address 0x0000000008044a64
                0x000000002400008c                _k_event_list_start = .
 *(SORT_BY_NAME(SORT_BY_ALIGNMENT(._k_event.static.*)))
                0x000000002400008c                _k_event_list_end = .

k_queue_area    0x000000002400008c        0x0 load address 0x0000000008044a64
                0x000000002400008c                _k_queue_list_start = .
 *(SORT_BY_NAME(SORT_BY_ALIGNMENT(._k_queue.static.*)))
                0x000000002400008c                _k_queue_list_end = .

k_fifo_area     0x000000002400008c        0x0 load address 0x0000000008044a64
                0x000000002400008c                _k_fifo_list_start = .
 *(SORT_BY_NAME(SORT_BY_ALIGNMENT(._k_fifo.static.*)))
                0x000000002400008c                _k_fifo_list_end = .

k_lifo_area     0x000000002400008c        0x0 load address 0x0000000008044a64
                0x000000002400008c                _k_lifo_list_start = .
 *(SORT_BY_NAME(SORT_BY_ALIGNMENT(._k_lifo.static.*)))
                0x000000002400008c                _k_lifo_list_end = .

k_condvar_area  0x000000002400008c        0x0 load address 0x0000000008044a64
                0x000000002400008c                _k_condvar_list_start = .
 *(SORT_BY_NAME(SORT_BY_ALIGNMENT(._k_condvar.static.*)))
                0x000000002400008c                _k_condvar_list_end = .

sys_mem_blocks_ptr_area
                0x000000002400008c        0x0 load address 0x0000000008044a64
                0x000000002400008c                _sys_mem_blocks_ptr_list_start = .
 *(SORT_BY_NAME(SORT_BY_ALIGNMENT(._sys_mem_blocks_ptr.static.*)))
                0x000000002400008c                _sys_mem_blocks_ptr_list_end = .

net_buf_pool_area
                0x000000002400008c        0x0 load address 0x0000000008044a64
                0x000000002400008c                _net_buf_pool_list_start = .
 *(SORT_BY_NAME(SORT_BY_ALIGNMENT(._net_buf_pool.static.*)))
                0x000000002400008c                _net_buf_pool_list_end = .
                0x000000002400008c                __data_region_end = .

bss             0x0000000024000090      0x2d7
                0x0000000024000090                . = ALIGN (0x4)
                0x0000000024000090                __bss_start = .
                0x0000000024000090                __kernel_ram_start = .
 *(SORT_BY_ALIGNMENT(.bss))
 *(SORT_BY_ALIGNMENT(.bss.*))
 .bss.announced_cycles
                0x0000000024000090        0x8 zephyr/drivers/timer/libdrivers__timer.a(cortex_m_systick.c.obj)
 .bss.cycle_count
                0x0000000024000098        0x8 zephyr/drivers/timer/libdrivers__timer.a(cortex_m_systick.c.obj)
 .bss.z_idle_threads
                0x00000000240000a0       0x80 zephyr/kernel/libkernel.a(init.c.obj)
                0x00000000240000a0                z_idle_threads
 .bss.z_main_thread
                0x0000000024000120       0x80 zephyr/kernel/libkernel.a(init.c.obj)
                0x0000000024000120                z_main_thread
 .bss.slice_timeouts
                0x00000000240001a0       0x18 zephyr/kernel/libkernel.a(timeslicing.c.obj)
 .bss.curr_tick
                0x00000000240001b8        0x8 zephyr/kernel/libkernel.a(timeout.c.obj)
 .bss.z_arm_tls_ptr
                0x00000000240001c0        0x4 zephyr/arch/arch/arm/core/libarch__arm__core.a(tls.c.obj)
                0x00000000240001c0                z_arm_tls_ptr
 .bss.dynamic_regions.0
                0x00000000240001c4        0xc zephyr/arch/arch/arm/core/mpu/libarch__arm__core__mpu.a(arm_core_mpu.c.obj)
 .bss._stdout_hook
                0x00000000240001d0        0x4 zephyr/lib/libc/picolibc/liblib__libc__picolibc.a(libc-hooks.c.obj)
 .bss.z_malloc_heap
                0x00000000240001d4        0xc zephyr/lib/libc/common/liblib__libc__common.a(malloc.c.obj)
 .bss.exti_data
                0x00000000240001e0       0x80 zephyr/drivers/interrupt_controller/libdrivers__interrupt_controller.a(intc_exti_stm32.c.obj)
 .bss.gpio_stm32_data_k
                0x0000000024000260       0x10 zephyr/drivers/gpio/libdrivers__gpio.a(gpio_stm32.c.obj)
 .bss.gpio_stm32_data_j
                0x0000000024000270       0x10 zephyr/drivers/gpio/libdrivers__gpio.a(gpio_stm32.c.obj)
 .bss.gpio_stm32_data_i
                0x0000000024000280       0x10 zephyr/drivers/gpio/libdrivers__gpio.a(gpio_stm32.c.obj)
 .bss.gpio_stm32_data_h
                0x0000000024000290       0x10 zephyr/drivers/gpio/libdrivers__gpio.a(gpio_stm32.c.obj)
 .bss.gpio_stm32_data_g
                0x00000000240002a0       0x10 zephyr/drivers/gpio/libdrivers__gpio.a(gpio_stm32.c.obj)
 .bss.gpio_stm32_data_f
                0x00000000240002b0       0x10 zephyr/drivers/gpio/libdrivers__gpio.a(gpio_stm32.c.obj)
 .bss.gpio_stm32_data_e
                0x00000000240002c0       0x10 zephyr/drivers/gpio/libdrivers__gpio.a(gpio_stm32.c.obj)
 .bss.gpio_stm32_data_d
                0x00000000240002d0       0x10 zephyr/drivers/gpio/libdrivers__gpio.a(gpio_stm32.c.obj)
 .bss.gpio_stm32_data_c
                0x00000000240002e0       0x10 zephyr/drivers/gpio/libdrivers__gpio.a(gpio_stm32.c.obj)
 .bss.gpio_stm32_data_b
                0x00000000240002f0       0x10 zephyr/drivers/gpio/libdrivers__gpio.a(gpio_stm32.c.obj)
 .bss.gpio_stm32_data_a
                0x0000000024000300       0x10 zephyr/drivers/gpio/libdrivers__gpio.a(gpio_stm32.c.obj)
 .bss.data0     0x0000000024000310       0x18 zephyr/drivers/regulator/libdrivers__regulator.a(regulator_fixed.c.obj)
 .bss.overflow_cyc
                0x0000000024000328        0x4 zephyr/drivers/timer/libdrivers__timer.a(cortex_m_systick.c.obj)
 .bss.last_load
                0x000000002400032c        0x4 zephyr/drivers/timer/libdrivers__timer.a(cortex_m_systick.c.obj)
 .bss._cpus_active
                0x0000000024000330        0x4 zephyr/kernel/libkernel.a(init.c.obj)
                0x0000000024000330                _cpus_active
 .bss._kernel   0x0000000024000334       0x20 zephyr/kernel/libkernel.a(init.c.obj)
                0x0000000024000334                _kernel
 .bss.pending_current
                0x0000000024000354        0x4 zephyr/kernel/libkernel.a(timeslicing.c.obj)
                0x0000000024000354                pending_current
 .bss.slice_max_prio
                0x0000000024000358        0x4 zephyr/kernel/libkernel.a(timeslicing.c.obj)
 .bss.slice_ticks
                0x000000002400035c        0x4 zephyr/kernel/libkernel.a(timeslicing.c.obj)
 .bss.announce_remaining
                0x0000000024000360        0x4 zephyr/kernel/libkernel.a(timeout.c.obj)
 .bss.static_regions_num
                0x0000000024000364        0x1 zephyr/arch/arch/arm/core/mpu/libarch__arm__core__mpu.a(arm_mpu.c.obj)
 .bss.z_sys_post_kernel
                0x0000000024000365        0x1 zephyr/kernel/libkernel.a(init.c.obj)
                0x0000000024000365                z_sys_post_kernel
 .bss.lock      0x0000000024000366        0x0 zephyr/kernel/libkernel.a(mutex.c.obj)
 .bss._sched_spinlock
                0x0000000024000366        0x0 zephyr/kernel/libkernel.a(sched.c.obj)
                0x0000000024000366                _sched_spinlock
 .bss.slice_expired
                0x0000000024000366        0x1 zephyr/kernel/libkernel.a(timeslicing.c.obj)
 *(SORT_BY_ALIGNMENT(COMMON))
 *(SORT_BY_ALIGNMENT(.kernel_bss.*))
                0x0000000024000368                __bss_end = ALIGN (0x4)

noinit          0x0000000024000380      0xe00
 *(SORT_BY_ALIGNMENT(.noinit))
 *(SORT_BY_ALIGNMENT(.noinit.*))
 .noinit."WEST_TOPDIR/zephyr/kernel/init.c".2
                0x0000000024000380      0x840 zephyr/kernel/libkernel.a(init.c.obj)
                0x0000000024000380                z_interrupt_stacks
 .noinit."WEST_TOPDIR/zephyr/kernel/init.c".1
                0x0000000024000bc0      0x180 zephyr/kernel/libkernel.a(init.c.obj)
 .noinit."WEST_TOPDIR/zephyr/kernel/init.c".0
                0x0000000024000d40      0x440 zephyr/kernel/libkernel.a(init.c.obj)
                0x0000000024000d40                z_main_stack
 *(SORT_BY_ALIGNMENT(.kernel_noinit.*))
                0x0000000024080000                __kernel_ram_end = 0x24080000
                0x000000000007ff70                __kernel_ram_size = (__kernel_ram_end - __kernel_ram_start)

.intList        0x00000000ffff8000       0x78
 *(SORT_BY_ALIGNMENT(.irq_info*))
 .irq_info      0x00000000ffff8000        0x8 zephyr/arch/common/libisr_tables.a(isr_tables.c.obj)
                0x00000000ffff8000                _iheader
 *(SORT_BY_ALIGNMENT(.intList*))
 .intList       0x00000000ffff8008       0x70 zephyr/drivers/interrupt_controller/libdrivers__interrupt_controller.a(intc_exti_stm32.c.obj)

.last_ram_section
                0x0000000024001180        0x0
                0x0000000024001180                _image_ram_end = .
                0x0000000000001180                _image_ram_size = (_image_ram_end - _image_ram_start)
                0x0000000024001180                _end = .
                0x0000000024001180                z_mapped_end = .

.stab
 *(SORT_BY_ALIGNMENT(.stab))

.stabstr
 *(SORT_BY_ALIGNMENT(.stabstr))

.stab.excl
 *(SORT_BY_ALIGNMENT(.stab.excl))

.stab.exclstr
 *(SORT_BY_ALIGNMENT(.stab.exclstr))

.stab.index
 *(SORT_BY_ALIGNMENT(.stab.index))

.stab.indexstr
 *(SORT_BY_ALIGNMENT(.stab.indexstr))

.gnu.build.attributes
 *(SORT_BY_ALIGNMENT(.gnu.build.attributes) SORT_BY_ALIGNMENT(.gnu.build.attributes.*))

.comment        0x0000000000000000       0x22
 *(SORT_BY_ALIGNMENT(.comment))
 .comment       0x0000000000000000       0x22 zephyr/CMakeFiles/offsets.dir/./arch/arm/core/offsets/offsets.c.obj
                                         0x23 (size before relaxing)
 .comment       0x0000000000000022       0x23 app/libapp.a(main.c.obj)
 .comment       0x0000000000000022       0x23 zephyr/libzephyr.a(heap.c.obj)
 .comment       0x0000000000000022       0x23 zephyr/libzephyr.a(printk.c.obj)
 .comment       0x0000000000000022       0x23 zephyr/libzephyr.a(thread_entry.c.obj)
 .comment       0x0000000000000022       0x23 zephyr/libzephyr.a(configs.c.obj)
 .comment       0x0000000000000022       0x23 zephyr/libzephyr.a(soc_config.c.obj)
 .comment       0x0000000000000022       0x23 zephyr/libzephyr.a(soc_m7.c.obj)
 .comment       0x0000000000000022       0x23 zephyr/libzephyr.a(mpu_regions.c.obj)
 .comment       0x0000000000000022       0x23 zephyr/libzephyr.a(mem_attr.c.obj)
 .comment       0x0000000000000022       0x23 zephyr/arch/arch/arm/core/libarch__arm__core.a(fatal.c.obj)
 .comment       0x0000000000000022       0x23 zephyr/arch/arch/arm/core/libarch__arm__core.a(nmi.c.obj)
 .comment       0x0000000000000022       0x23 zephyr/arch/arch/arm/core/libarch__arm__core.a(tls.c.obj)
 .comment       0x0000000000000022       0x23 zephyr/arch/arch/arm/core/cortex_m/libarch__arm__core__cortex_m.a(fault.c.obj)
 .comment       0x0000000000000022       0x23 zephyr/arch/arch/arm/core/cortex_m/libarch__arm__core__cortex_m.a(thread_abort.c.obj)
 .comment       0x0000000000000022       0x23 zephyr/arch/arch/arm/core/cortex_m/libarch__arm__core__cortex_m.a(swap.c.obj)
 .comment       0x0000000000000022       0x23 zephyr/arch/arch/arm/core/cortex_m/libarch__arm__core__cortex_m.a(irq_manage.c.obj)
 .comment       0x0000000000000022       0x23 zephyr/arch/arch/arm/core/cortex_m/libarch__arm__core__cortex_m.a(prep_c.c.obj)
 .comment       0x0000000000000022       0x23 zephyr/arch/arch/arm/core/cortex_m/libarch__arm__core__cortex_m.a(thread.c.obj)
 .comment       0x0000000000000022       0x23 zephyr/arch/arch/arm/core/cortex_m/libarch__arm__core__cortex_m.a(irq_init.c.obj)
 .comment       0x0000000000000022       0x23 zephyr/arch/arch/arm/core/mpu/libarch__arm__core__mpu.a(arm_core_mpu.c.obj)
 .comment       0x0000000000000022       0x23 zephyr/arch/arch/arm/core/mpu/libarch__arm__core__mpu.a(arm_mpu.c.obj)
 .comment       0x0000000000000022       0x23 zephyr/lib/libc/picolibc/liblib__libc__picolibc.a(libc-hooks.c.obj)
 .comment       0x0000000000000022       0x23 zephyr/lib/libc/common/liblib__libc__common.a(malloc.c.obj)
 .comment       0x0000000000000022       0x23 zephyr/boards/arduino/portenta_h7/libboards__arduino__portenta_h7.a(board.c.obj)
 .comment       0x0000000000000022       0x23 zephyr/drivers/interrupt_controller/libdrivers__interrupt_controller.a(intc_exti_stm32.c.obj)
 .comment       0x0000000000000022       0x23 zephyr/drivers/clock_control/libdrivers__clock_control.a(clock_stm32_ll_h7.c.obj)
 .comment       0x0000000000000022       0x23 zephyr/drivers/console/libdrivers__console.a(uart_console.c.obj)
 .comment       0x0000000000000022       0x23 zephyr/drivers/gpio/libdrivers__gpio.a(gpio_stm32.c.obj)
 .comment       0x0000000000000022       0x23 zephyr/drivers/pinctrl/libdrivers__pinctrl.a(common.c.obj)
 .comment       0x0000000000000022       0x23 zephyr/drivers/pinctrl/libdrivers__pinctrl.a(pinctrl_stm32.c.obj)
 .comment       0x0000000000000022       0x23 zephyr/drivers/regulator/libdrivers__regulator.a(regulator_common.c.obj)
 .comment       0x0000000000000022       0x23 zephyr/drivers/regulator/libdrivers__regulator.a(regulator_fixed.c.obj)
 .comment       0x0000000000000022       0x23 zephyr/drivers/reset/libdrivers__reset.a(reset_stm32.c.obj)
 .comment       0x0000000000000022       0x23 zephyr/drivers/serial/libdrivers__serial.a(uart_stm32.c.obj)
 .comment       0x0000000000000022       0x23 zephyr/drivers/timer/libdrivers__timer.a(cortex_m_systick.c.obj)
 .comment       0x0000000000000022       0x23 modules/stm32/stm32cube/lib..__modules__hal__stm32__stm32cube.a(system_stm32h7xx.c.obj)
 .comment       0x0000000000000022       0x23 modules/stm32/stm32cube/lib..__modules__hal__stm32__stm32cube.a(stm32h7xx_hal.c.obj)
 .comment       0x0000000000000022       0x23 modules/stm32/stm32cube/lib..__modules__hal__stm32__stm32cube.a(stm32h7xx_ll_utils.c.obj)
 .comment       0x0000000000000022       0x23 zephyr/kernel/libkernel.a(device.c.obj)
 .comment       0x0000000000000022       0x23 zephyr/kernel/libkernel.a(fatal.c.obj)
 .comment       0x0000000000000022       0x23 zephyr/kernel/libkernel.a(init.c.obj)
 .comment       0x0000000000000022       0x23 zephyr/kernel/libkernel.a(idle.c.obj)
 .comment       0x0000000000000022       0x23 zephyr/kernel/libkernel.a(mutex.c.obj)
 .comment       0x0000000000000022       0x23 zephyr/kernel/libkernel.a(thread.c.obj)
 .comment       0x0000000000000022       0x23 zephyr/kernel/libkernel.a(sched.c.obj)
 .comment       0x0000000000000022       0x23 zephyr/kernel/libkernel.a(timeslicing.c.obj)
 .comment       0x0000000000000022       0x23 zephyr/kernel/libkernel.a(xip.c.obj)
 .comment       0x0000000000000022       0x23 zephyr/kernel/libkernel.a(timeout.c.obj)
 .comment       0x0000000000000022       0x23 zephyr/kernel/libkernel.a(banner.c.obj)
 .comment       0x0000000000000022       0x23 zephyr/kernel/libkernel.a(priority_queues.c.obj)
 .comment       0x0000000000000022       0x23 zephyr/arch/common/libisr_tables.a(isr_tables.c.obj)

.debug
 *(SORT_BY_ALIGNMENT(.debug))

.line
 *(SORT_BY_ALIGNMENT(.line))

.debug_srcinfo
 *(SORT_BY_ALIGNMENT(.debug_srcinfo))

.debug_sfnames
 *(SORT_BY_ALIGNMENT(.debug_sfnames))

.debug_aranges  0x0000000000000000     0x1110
 *(SORT_BY_ALIGNMENT(.debug_aranges))
 .debug_aranges
                0x0000000000000000       0x20 zephyr/arch/arch/arm/core/libarch__arm__core.a(nmi_on_reset.S.obj)
 .debug_aranges
                0x0000000000000020       0x20 zephyr/arch/arch/arm/core/cortex_m/libarch__arm__core__cortex_m.a(exc_exit.S.obj)
 .debug_aranges
                0x0000000000000040       0x20 zephyr/arch/arch/arm/core/cortex_m/libarch__arm__core__cortex_m.a(fault_s.S.obj)
 .debug_aranges
                0x0000000000000060       0x20 zephyr/arch/arch/arm/core/cortex_m/libarch__arm__core__cortex_m.a(reset.S.obj)
 .debug_aranges
                0x0000000000000080       0x28 zephyr/arch/arch/arm/core/cortex_m/libarch__arm__core__cortex_m.a(swap_helper.S.obj)
 .debug_aranges
                0x00000000000000a8       0x30 zephyr/arch/arch/arm/core/cortex_m/libarch__arm__core__cortex_m.a(cpu_idle.S.obj)
 .debug_aranges
                0x00000000000000d8       0x20 zephyr/arch/arch/arm/core/cortex_m/libarch__arm__core__cortex_m.a(isr_wrapper.S.obj)
 .debug_aranges
                0x00000000000000f8       0x20 zephyr/arch/arch/arm/core/cortex_m/libarch__arm__core__cortex_m.a(__aeabi_read_tp.S.obj)
 .debug_aranges
                0x0000000000000118       0x20 zephyr/CMakeFiles/offsets.dir/./arch/arm/core/offsets/offsets.c.obj
 .debug_aranges
                0x0000000000000138       0x20 app/libapp.a(main.c.obj)
 .debug_aranges
                0x0000000000000158       0xb8 zephyr/libzephyr.a(heap.c.obj)
 .debug_aranges
                0x0000000000000210       0x50 zephyr/libzephyr.a(printk.c.obj)
 .debug_aranges
                0x0000000000000260       0x20 zephyr/libzephyr.a(thread_entry.c.obj)
 .debug_aranges
                0x0000000000000280       0x20 zephyr/libzephyr.a(configs.c.obj)
 .debug_aranges
                0x00000000000002a0       0x20 zephyr/libzephyr.a(soc_config.c.obj)
 .debug_aranges
                0x00000000000002c0       0x28 zephyr/libzephyr.a(soc_m7.c.obj)
 .debug_aranges
                0x00000000000002e8       0x18 zephyr/libzephyr.a(mpu_regions.c.obj)
 .debug_aranges
                0x0000000000000300       0x28 zephyr/libzephyr.a(mem_attr.c.obj)
 .debug_aranges
                0x0000000000000328       0x30 zephyr/arch/arch/arm/core/libarch__arm__core.a(fatal.c.obj)
 .debug_aranges
                0x0000000000000358       0x20 zephyr/arch/arch/arm/core/libarch__arm__core.a(nmi.c.obj)
 .debug_aranges
                0x0000000000000378       0x20 zephyr/arch/arch/arm/core/libarch__arm__core.a(tls.c.obj)
 .debug_aranges
                0x0000000000000398       0x40 zephyr/arch/arch/arm/core/cortex_m/libarch__arm__core__cortex_m.a(fault.c.obj)
 .debug_aranges
                0x00000000000003d8       0x20 zephyr/arch/arch/arm/core/cortex_m/libarch__arm__core__cortex_m.a(thread_abort.c.obj)
 .debug_aranges
                0x00000000000003f8       0x20 zephyr/arch/arch/arm/core/cortex_m/libarch__arm__core__cortex_m.a(swap.c.obj)
 .debug_aranges
                0x0000000000000418       0x40 zephyr/arch/arch/arm/core/cortex_m/libarch__arm__core__cortex_m.a(irq_manage.c.obj)
 .debug_aranges
                0x0000000000000458       0x20 zephyr/arch/arch/arm/core/cortex_m/libarch__arm__core__cortex_m.a(prep_c.c.obj)
 .debug_aranges
                0x0000000000000478       0x30 zephyr/arch/arch/arm/core/cortex_m/libarch__arm__core__cortex_m.a(thread.c.obj)
 .debug_aranges
                0x00000000000004a8       0x20 zephyr/arch/arch/arm/core/cortex_m/libarch__arm__core__cortex_m.a(irq_init.c.obj)
 .debug_aranges
                0x00000000000004c8       0x28 zephyr/arch/arch/arm/core/mpu/libarch__arm__core__mpu.a(arm_core_mpu.c.obj)
 .debug_aranges
                0x00000000000004f0       0x58 zephyr/arch/arch/arm/core/mpu/libarch__arm__core__mpu.a(arm_mpu.c.obj)
 .debug_aranges
                0x0000000000000548       0xb0 zephyr/lib/libc/picolibc/liblib__libc__picolibc.a(libc-hooks.c.obj)
 .debug_aranges
                0x00000000000005f8       0x60 zephyr/lib/libc/common/liblib__libc__common.a(malloc.c.obj)
 .debug_aranges
                0x0000000000000658       0x20 zephyr/boards/arduino/portenta_h7/libboards__arduino__portenta_h7.a(board.c.obj)
 .debug_aranges
                0x0000000000000678       0x58 zephyr/drivers/interrupt_controller/libdrivers__interrupt_controller.a(intc_exti_stm32.c.obj)
 .debug_aranges
                0x00000000000006d0       0x58 zephyr/drivers/clock_control/libdrivers__clock_control.a(clock_stm32_ll_h7.c.obj)
 .debug_aranges
                0x0000000000000728       0x30 zephyr/drivers/console/libdrivers__console.a(uart_console.c.obj)
 .debug_aranges
                0x0000000000000758       0x80 zephyr/drivers/gpio/libdrivers__gpio.a(gpio_stm32.c.obj)
 .debug_aranges
                0x00000000000007d8       0x20 zephyr/drivers/pinctrl/libdrivers__pinctrl.a(common.c.obj)
 .debug_aranges
                0x00000000000007f8       0x20 zephyr/drivers/pinctrl/libdrivers__pinctrl.a(pinctrl_stm32.c.obj)
 .debug_aranges
                0x0000000000000818       0x68 zephyr/drivers/regulator/libdrivers__regulator.a(regulator_common.c.obj)
 .debug_aranges
                0x0000000000000880       0x48 zephyr/drivers/regulator/libdrivers__regulator.a(regulator_fixed.c.obj)
 .debug_aranges
                0x00000000000008c8       0x38 zephyr/drivers/reset/libdrivers__reset.a(reset_stm32.c.obj)
 .debug_aranges
                0x0000000000000900       0x60 zephyr/drivers/serial/libdrivers__serial.a(uart_stm32.c.obj)
 .debug_aranges
                0x0000000000000960       0x60 zephyr/drivers/timer/libdrivers__timer.a(cortex_m_systick.c.obj)
 .debug_aranges
                0x00000000000009c0       0x28 modules/stm32/stm32cube/lib..__modules__hal__stm32__stm32cube.a(system_stm32h7xx.c.obj)
 .debug_aranges
                0x00000000000009e8      0x200 modules/stm32/stm32cube/lib..__modules__hal__stm32__stm32cube.a(stm32h7xx_hal.c.obj)
 .debug_aranges
                0x0000000000000be8       0x58 modules/stm32/stm32cube/lib..__modules__hal__stm32__stm32cube.a(stm32h7xx_ll_utils.c.obj)
 .debug_aranges
                0x0000000000000c40       0x38 zephyr/kernel/libkernel.a(device.c.obj)
 .debug_aranges
                0x0000000000000c78       0x60 zephyr/kernel/libkernel.a(fatal.c.obj)
 .debug_aranges
                0x0000000000000cd8       0x58 zephyr/kernel/libkernel.a(init.c.obj)
 .debug_aranges
                0x0000000000000d30       0x30 zephyr/kernel/libkernel.a(idle.c.obj)
 .debug_aranges
                0x0000000000000d60       0x38 zephyr/kernel/libkernel.a(mutex.c.obj)
 .debug_aranges
                0x0000000000000d98       0x88 zephyr/kernel/libkernel.a(thread.c.obj)
 .debug_aranges
                0x0000000000000e20      0x178 zephyr/kernel/libkernel.a(sched.c.obj)
 .debug_aranges
                0x0000000000000f98       0x40 zephyr/kernel/libkernel.a(timeslicing.c.obj)
 .debug_aranges
                0x0000000000000fd8       0x20 zephyr/kernel/libkernel.a(xip.c.obj)
 .debug_aranges
                0x0000000000000ff8       0x90 zephyr/kernel/libkernel.a(timeout.c.obj)
 .debug_aranges
                0x0000000000001088       0x20 zephyr/kernel/libkernel.a(banner.c.obj)
 .debug_aranges
                0x00000000000010a8       0x50 zephyr/kernel/libkernel.a(priority_queues.c.obj)
 .debug_aranges
                0x00000000000010f8       0x18 zephyr/arch/common/libisr_tables.a(isr_tables.c.obj)

.debug_pubnames
 *(SORT_BY_ALIGNMENT(.debug_pubnames))

.debug_info     0x0000000000000000    0x4a9f2
 *(SORT_BY_ALIGNMENT(.debug_info) SORT_BY_ALIGNMENT(.gnu.linkonce.wi.*))
 .debug_info    0x0000000000000000       0xf0 zephyr/CMakeFiles/offsets.dir/./arch/arm/core/offsets/offsets.c.obj
 .debug_info    0x00000000000000f0      0xadf app/libapp.a(main.c.obj)
 .debug_info    0x0000000000000bcf     0x28f4 zephyr/libzephyr.a(heap.c.obj)
 .debug_info    0x00000000000034c3      0x5f7 zephyr/libzephyr.a(printk.c.obj)
 .debug_info    0x0000000000003aba      0x75b zephyr/libzephyr.a(thread_entry.c.obj)
 .debug_info    0x0000000000004215       0x38 zephyr/libzephyr.a(configs.c.obj)
 .debug_info    0x000000000000424d      0x25c zephyr/libzephyr.a(soc_config.c.obj)
 .debug_info    0x00000000000044a9     0x1341 zephyr/libzephyr.a(soc_m7.c.obj)
 .debug_info    0x00000000000057ea      0x19c zephyr/libzephyr.a(mpu_regions.c.obj)